{"pathway":{"@context":["https://cdn.rawgit.com/wikipathways/WpVocabularies/7a46a05/contexts/pvjs.jsonld"],"backgroundColor":"white","borderWidth":0,"color":"black","contains":["d0ffc","c2913","a165e"],"drawAs":"rect","gpmlElementName":"Pathway","height":125.99058202057536,"kaavioType":"Group","name":"test case","padding":5,"type":["Pathway"],"width":348.4903574913578,"x":0,"y":0,"zIndex":0,"fontSize":12,"fontWeight":"bold","textAlign":"left","verticalAlign":"top","dataSourceVersion":"20130813","standardName":"test case","displayName":"test case","textContent":"Name: test case","isSimilarTo":"http://wikipathways.org/index.php/Special:SearchPathways?query=test%20case&doSearch=1","id":"hash://sha256/283bb028f18731a7a9b63f930b80fbf89535c7f6322169601dc428dbdb897918"},"entityMap":{"c2913":{"id":"c2913","textContent":"GeneProduct","wpType":"GeneProduct","x":238.49035749135783,"y":52.68005543907303,"fontSize":10,"height":20,"verticalAlign":"middle","width":80,"zIndex":32969,"textAlign":"center","color":"#000000","backgroundColor":"#ffffff","textDecoration":"none","fontFamily":"Arial","fontStyle":"normal","fontWeight":"normal","borderWidth":1,"drawAs":"rect","lineHeight":1.1,"overflow":"hidden","textOverflow":"clip","whiteSpace":"pre","padding":8,"type":["DataNode","SingleFreeNode","GeneProduct"],"kaavioType":"SingleFreeNode","gpmlElementName":"DataNode"},"a165e":{"id":"a165e","textContent":"0003","wpType":"GeneProduct","x":18.580879754708718,"y":75.99058202057536,"fontSize":10,"height":20,"verticalAlign":"middle","width":80,"zIndex":32970,"textAlign":"center","color":"#000000","backgroundColor":"#ffffff","textDecoration":"none","fontFamily":"Arial","fontStyle":"normal","fontWeight":"normal","borderWidth":1,"drawAs":"rect","lineHeight":1.1,"overflow":"hidden","textOverflow":"clip","whiteSpace":"pre","padding":8,"type":["DataNode","SingleFreeNode","GeneProduct"],"kaavioType":"SingleFreeNode","gpmlElementName":"DataNode"},"d0ffc":{"id":"d0ffc","drawAs":"CurvedLine","borderWidth":1,"zIndex":32968,"points":[{"isAttachedTo":"a165e","attachmentDisplay":{"position":[0.5,0],"offset":[0,0]},"x":58.58087975470872,"y":75.99058202057536,"orientation":[0,-1]},{"x":178.53561862303326,"y":32.68005543907303},{"isAttachedTo":"c2913","attachmentDisplay":{"position":[0.75,0],"offset":[0,0]},"x":298.4903574913578,"y":52.68005543907303,"orientation":[0,1]}],"color":"#000000","type":["Interaction","Edge"],"kaavioType":"Edge","gpmlElementName":"Interaction","markerStart":"TBar","markerEnd":"Arrow","isAttachedTo":["a165e","c2913"]}}}
