{"pathway":{"@context":["https://cdn.rawgit.com/wikipathways/WpVocabularies/7a46a05/contexts/pvjs.jsonld"],"backgroundColor":"white","borderWidth":0,"color":"black","contains":["a0014","bab68","dc328","bbea7","dbc4c","eb60f","b1514","efd68","b7c56","b1df7","e3c6e","a228c","ff173","b3eb1","a082d","d0405","f53d5","ef831","d09a9","c4e68","e223b","db094","d72b9","ee7b1","bb7b7","d12b3","df72f","ce371","bdc85","f42f6","f2d67","d9a1c","fc702","b7cf6","d84d8","d6652","be98b","e7f00","ee537","e3e70","da3c8","ffa91","bf7e1","e68ed","b2f40","a14a8","a2021","bdb47","e0950","e28e3","dc3bc","pvjsgeneratedidffa92","pvjsgeneratedidffa93","pvjsgeneratedidffa94","pvjsgeneratedidffa95","pvjsgeneratedidffa96","d1b24","c451b","d2a4a","beae0","d1eb8","d9aec","ebf90"],"drawAs":"rect","gpmlElementName":"Pathway","height":656.165048543689,"kaavioType":"Group","name":"test case","padding":5,"type":["Pathway"],"width":947.3016983016983,"x":0,"y":0,"zIndex":0,"fontSize":12,"fontWeight":"bold","textAlign":"left","verticalAlign":"top","dataSourceVersion":"20130815","standardName":"test case","displayName":"test case","textContent":"Name: test case","isSimilarTo":"http://wikipathways.org/index.php/Special:SearchPathways?query=test%20case&doSearch=1","id":"hash://sha256/454214213674535861f61ea040544ac9b4c40822bad0a55277dfd1e998332cc7"},"entityMap":{"e3c6e":{"id":"e3c6e","textContent":"GeneProduct","wpType":"GeneProduct","x":16.060443561360913,"y":99.29853181076673,"fontSize":10,"height":20,"verticalAlign":"middle","width":80,"zIndex":32768,"textAlign":"center","color":"#000000","backgroundColor":"#ffffff","textDecoration":"none","fontFamily":"Arial","fontStyle":"normal","fontWeight":"normal","borderWidth":1,"drawAs":"rect","lineHeight":1.1,"overflow":"hidden","textOverflow":"clip","whiteSpace":"pre","padding":8,"type":["DataNode","SingleFreeNode","GeneProduct"],"kaavioType":"SingleFreeNode","gpmlElementName":"DataNode"},"b1514":{"id":"b1514","textContent":"Rectangle","x":11.764766562992293,"y":280.02895295241785,"fontSize":10,"height":49.43964110929852,"rotation":0,"drawAs":"rect","verticalAlign":"middle","width":88.59135399673727,"zIndex":16384,"textAlign":"center","color":"#000000","backgroundColor":"transparent","textDecoration":"none","fontFamily":"Arial","fontStyle":"normal","fontWeight":"normal","borderWidth":1,"lineHeight":1.1,"overflow":"hidden","textOverflow":"clip","whiteSpace":"pre","padding":8,"type":["Shape","SingleFreeNode"],"kaavioType":"SingleFreeNode","gpmlElementName":"Shape"},"b7c56":{"id":"b7c56","textContent":"Label","x":16.060443561360913,"y":490.75733794426054,"backgroundColor":"transparent","fontSize":10,"height":20,"verticalAlign":"middle","width":80,"zIndex":28672,"textAlign":"center","color":"#000000","textDecoration":"none","fontFamily":"Arial","fontStyle":"normal","fontWeight":"normal","borderWidth":0,"drawAs":"none","lineHeight":1.1,"overflow":"hidden","textOverflow":"clip","whiteSpace":"pre","padding":8,"type":["Label","SingleFreeNode"],"kaavioType":"SingleFreeNode","gpmlElementName":"Label"},"a228c":{"id":"a228c","textContent":"Metabolite","wpType":"Metabolite","x":16.060443561360913,"y":159.65742251223492,"color":"#0000ff","fontSize":10,"height":20,"verticalAlign":"middle","width":80,"zIndex":32768,"textAlign":"center","backgroundColor":"#ffffff","textDecoration":"none","fontFamily":"Arial","fontStyle":"normal","fontWeight":"normal","borderWidth":1,"drawAs":"rect","lineHeight":1.1,"overflow":"hidden","textOverflow":"clip","whiteSpace":"pre","padding":8,"type":["DataNode","SingleFreeNode","Metabolite"],"kaavioType":"SingleFreeNode","gpmlElementName":"DataNode"},"efd68":{"id":"efd68","textContent":"Cell","cellularComponent":"Cell","borderStyle":"double","x":2.108159711442596,"y":361.72634283822475,"color":"#c0c0c0","fontSize":10,"height":83.43474714518767,"borderWidth":3,"rotation":0,"drawAs":"rect","borderRadius":15,"verticalAlign":"middle","width":107.9045676998366,"zIndex":16384,"textAlign":"center","backgroundColor":"transparent","textDecoration":"none","fontFamily":"Arial","fontStyle":"normal","fontWeight":"normal","lineHeight":1.1,"overflow":"hidden","textOverflow":"clip","whiteSpace":"pre","padding":8,"type":["Shape","SingleFreeNode","PhysicalEntity","CellularComponent","Cell"],"kaavioType":"SingleFreeNode","gpmlElementName":"Shape"},"b1df7":{"id":"b1df7","textContent":"Default","x":18.134874715647797,"y":43.66003036854314,"backgroundColor":"transparent","fontSize":10,"height":20,"verticalAlign":"middle","width":80,"zIndex":28672,"textAlign":"center","color":"#000000","textDecoration":"none","fontFamily":"Arial","fontStyle":"normal","fontWeight":"normal","borderWidth":0,"drawAs":"none","lineHeight":1.1,"overflow":"hidden","textOverflow":"clip","whiteSpace":"pre","padding":8,"type":["Label","SingleFreeNode"],"kaavioType":"SingleFreeNode","gpmlElementName":"Label"},"ff173":{"id":"ff173","textContent":"Pathway","wpType":"Pathway","x":18.885383806519457,"y":198.75920084121975,"color":"#14961e","fontSize":12,"fontWeight":"bold","height":20,"drawAs":"none","verticalAlign":"middle","width":80,"zIndex":32768,"textAlign":"center","backgroundColor":"transparent","textDecoration":"none","fontFamily":"Arial","fontStyle":"normal","borderWidth":0,"lineHeight":1.1,"overflow":"hidden","textOverflow":"clip","whiteSpace":"pre","padding":8,"type":["DataNode","SingleFreeNode","Pathway"],"kaavioType":"SingleFreeNode","gpmlElementName":"DataNode"},"d0405":{"id":"d0405","textContent":"Rectangle","x":163.68972577995766,"y":280.02895295241785,"fontSize":10,"height":49.43964110929852,"rotation":0,"drawAs":"rect","verticalAlign":"middle","width":88.59135399673727,"zIndex":32787,"textAlign":"center","color":"#000000","backgroundColor":"transparent","textDecoration":"none","fontFamily":"Arial","fontStyle":"normal","fontWeight":"normal","borderWidth":1,"lineHeight":1.1,"overflow":"hidden","textOverflow":"clip","whiteSpace":"pre","padding":8,"type":["Shape","SingleFreeNode"],"kaavioType":"SingleFreeNode","gpmlElementName":"Shape"},"ef831":{"id":"ef831","textContent":"Label","x":167.98540277832626,"y":490.7573379442606,"fontSize":10,"height":20,"verticalAlign":"middle","width":80,"zIndex":32789,"textAlign":"center","color":"#000000","backgroundColor":"transparent","textDecoration":"none","fontFamily":"Arial","fontStyle":"normal","fontWeight":"normal","borderWidth":0,"drawAs":"none","lineHeight":1.1,"overflow":"hidden","textOverflow":"clip","whiteSpace":"pre","padding":8,"type":["Label","SingleFreeNode"],"kaavioType":"SingleFreeNode","gpmlElementName":"Label"},"b3eb1":{"id":"b3eb1","textContent":"GeneProduct","wpType":"GeneProduct","x":167.9854027783263,"y":99.29853181076672,"backgroundColor":"transparent","fontSize":10,"height":20,"verticalAlign":"middle","width":80,"zIndex":32785,"textAlign":"center","color":"#000000","textDecoration":"none","fontFamily":"Arial","fontStyle":"normal","fontWeight":"normal","borderWidth":1,"drawAs":"rect","lineHeight":1.1,"overflow":"hidden","textOverflow":"clip","whiteSpace":"pre","padding":8,"type":["DataNode","SingleFreeNode","GeneProduct"],"kaavioType":"SingleFreeNode","gpmlElementName":"DataNode"},"f53d5":{"id":"f53d5","textContent":"Cell","cellularComponent":"Cell","borderStyle":"double","x":154.03311892840793,"y":361.7263428382248,"color":"#c0c0c0","fontSize":10,"height":83.43474714518767,"borderWidth":3,"rotation":0,"drawAs":"rect","borderRadius":15,"verticalAlign":"middle","width":107.9045676998366,"zIndex":32788,"textAlign":"center","backgroundColor":"transparent","textDecoration":"none","fontFamily":"Arial","fontStyle":"normal","fontWeight":"normal","lineHeight":1.1,"overflow":"hidden","textOverflow":"clip","whiteSpace":"pre","padding":8,"type":["Shape","SingleFreeNode","PhysicalEntity","CellularComponent","Cell"],"kaavioType":"SingleFreeNode","gpmlElementName":"Shape"},"e223b":{"id":"e223b","textContent":"Label","x":337.6428252905613,"y":489.5356532239277,"backgroundColor":"transparent","fontSize":10,"height":20,"verticalAlign":"middle","width":80,"zIndex":32792,"textAlign":"center","color":"#000000","textDecoration":"none","fontFamily":"Arial","fontStyle":"normal","fontWeight":"normal","borderWidth":0,"drawAs":"none","lineHeight":1.1,"overflow":"hidden","textOverflow":"clip","whiteSpace":"pre","padding":8,"type":["Label","SingleFreeNode"],"kaavioType":"SingleFreeNode","gpmlElementName":"Label"},"a082d":{"id":"a082d","textContent":"Metabolite","wpType":"Metabolite","x":167.9854027783263,"y":159.6574225122349,"color":"#0000ff","backgroundColor":"transparent","fontSize":10,"height":20,"verticalAlign":"middle","width":80,"zIndex":32786,"textAlign":"center","textDecoration":"none","fontFamily":"Arial","fontStyle":"normal","fontWeight":"normal","borderWidth":1,"drawAs":"rect","lineHeight":1.1,"overflow":"hidden","textOverflow":"clip","whiteSpace":"pre","padding":8,"type":["DataNode","SingleFreeNode","Metabolite"],"kaavioType":"SingleFreeNode","gpmlElementName":"DataNode"},"d09a9":{"id":"d09a9","textContent":"Rectangle","x":333.34714829219206,"y":278.807268232085,"backgroundColor":"#00cc00","fontSize":10,"height":49.43964110929852,"rotation":0,"drawAs":"rect","verticalAlign":"middle","width":88.59135399673727,"zIndex":32790,"textAlign":"center","color":"#000000","textDecoration":"none","fontFamily":"Arial","fontStyle":"normal","fontWeight":"normal","borderWidth":1,"lineHeight":1.1,"overflow":"hidden","textOverflow":"clip","whiteSpace":"pre","padding":8,"type":["Shape","SingleFreeNode"],"kaavioType":"SingleFreeNode","gpmlElementName":"Shape"},"ee7b1":{"id":"ee7b1","textContent":"Transparent = Checked","x":153.5674006672048,"y":43.66003036854314,"backgroundColor":"transparent","fontSize":10,"height":20,"verticalAlign":"middle","width":118.05889691064982,"zIndex":32795,"textAlign":"center","color":"#000000","textDecoration":"none","fontFamily":"Arial","fontStyle":"normal","fontWeight":"normal","borderWidth":0,"drawAs":"none","lineHeight":1.1,"overflow":"hidden","textOverflow":"clip","whiteSpace":"pre","padding":8,"type":["Label","SingleFreeNode"],"kaavioType":"SingleFreeNode","gpmlElementName":"Label"},"db094":{"id":"db094","textContent":"GeneProduct","wpType":"GeneProduct","x":337.6428252905613,"y":98.0768470904339,"backgroundColor":"#00cc00","fontSize":10,"height":20,"verticalAlign":"middle","width":80,"zIndex":32793,"textAlign":"center","color":"#000000","textDecoration":"none","fontFamily":"Arial","fontStyle":"normal","fontWeight":"normal","borderWidth":1,"drawAs":"rect","lineHeight":1.1,"overflow":"hidden","textOverflow":"clip","whiteSpace":"pre","padding":8,"type":["DataNode","SingleFreeNode","GeneProduct"],"kaavioType":"SingleFreeNode","gpmlElementName":"DataNode"},"c4e68":{"id":"c4e68","textContent":"Cell","cellularComponent":"Cell","borderStyle":"double","x":323.6905414406424,"y":360.5046581178919,"color":"#c0c0c0","backgroundColor":"#00cc00","fontSize":10,"height":83.43474714518767,"borderWidth":3,"rotation":0,"drawAs":"rect","borderRadius":15,"verticalAlign":"middle","width":107.9045676998366,"zIndex":32791,"textAlign":"center","textDecoration":"none","fontFamily":"Arial","fontStyle":"normal","fontWeight":"normal","lineHeight":1.1,"overflow":"hidden","textOverflow":"clip","whiteSpace":"pre","padding":8,"type":["Shape","SingleFreeNode","PhysicalEntity","CellularComponent","Cell"],"kaavioType":"SingleFreeNode","gpmlElementName":"Shape"},"bb7b7":{"id":"bb7b7","textContent":"FillColor = 00CC00","x":323.60200274333,"y":43.66003036854313,"backgroundColor":"transparent","fontSize":10,"height":20,"verticalAlign":"middle","width":118.05889691064982,"zIndex":32796,"textAlign":"center","color":"#000000","textDecoration":"none","fontFamily":"Arial","fontStyle":"normal","fontWeight":"normal","borderWidth":0,"drawAs":"none","lineHeight":1.1,"overflow":"hidden","textOverflow":"clip","whiteSpace":"pre","padding":8,"type":["Label","SingleFreeNode"],"kaavioType":"SingleFreeNode","gpmlElementName":"Label"},"d72b9":{"id":"d72b9","textContent":"Metabolite","wpType":"Metabolite","x":337.6428252905613,"y":158.43573779190214,"color":"#0000ff","backgroundColor":"#00cc00","fontSize":10,"height":20,"verticalAlign":"middle","width":80,"zIndex":32794,"textAlign":"center","textDecoration":"none","fontFamily":"Arial","fontStyle":"normal","fontWeight":"normal","borderWidth":1,"drawAs":"rect","lineHeight":1.1,"overflow":"hidden","textOverflow":"clip","whiteSpace":"pre","padding":8,"type":["DataNode","SingleFreeNode","Metabolite"],"kaavioType":"SingleFreeNode","gpmlElementName":"DataNode"},"d12b3":{"id":"d12b3","textContent":"Rectangle","x":473.32185998859586,"y":281.37843392127604,"color":"#ff0000","fontSize":10,"height":49.43964110929852,"rotation":0,"drawAs":"rect","verticalAlign":"middle","width":88.59135399673727,"zIndex":32797,"textAlign":"center","backgroundColor":"transparent","textDecoration":"none","fontFamily":"Arial","fontStyle":"normal","fontWeight":"normal","borderWidth":1,"lineHeight":1.1,"overflow":"hidden","textOverflow":"clip","whiteSpace":"pre","padding":8,"type":["Shape","SingleFreeNode"],"kaavioType":"SingleFreeNode","gpmlElementName":"Shape"},"ce371":{"id":"ce371","textContent":"Color = FF0000","x":476.2317605287967,"y":43.66003036854313,"backgroundColor":"transparent","fontSize":10,"height":20,"verticalAlign":"middle","width":89.51218410788172,"zIndex":32799,"textAlign":"center","color":"#000000","textDecoration":"none","fontFamily":"Arial","fontStyle":"normal","fontWeight":"normal","borderWidth":0,"drawAs":"none","lineHeight":1.1,"overflow":"hidden","textOverflow":"clip","whiteSpace":"pre","padding":8,"type":["Label","SingleFreeNode"],"kaavioType":"SingleFreeNode","gpmlElementName":"Label"},"f42f6":{"id":"f42f6","textContent":"GeneProduct","wpType":"GeneProduct","x":477.61753698696634,"y":100.64801277962485,"color":"#ff0000","fontSize":10,"height":20,"verticalAlign":"middle","width":80,"zIndex":32801,"textAlign":"center","backgroundColor":"#ffffff","textDecoration":"none","fontFamily":"Arial","fontStyle":"normal","fontWeight":"normal","borderWidth":1,"drawAs":"rect","lineHeight":1.1,"overflow":"hidden","textOverflow":"clip","whiteSpace":"pre","padding":8,"type":["DataNode","SingleFreeNode","GeneProduct"],"kaavioType":"SingleFreeNode","gpmlElementName":"DataNode"},"df72f":{"id":"df72f","textContent":"Cell","cellularComponent":"Cell","borderStyle":"double","x":463.6652531370462,"y":363.0758238070828,"color":"#ff0000","fontSize":10,"height":83.43474714518767,"borderWidth":3,"rotation":0,"drawAs":"rect","borderRadius":15,"verticalAlign":"middle","width":107.9045676998366,"zIndex":32798,"textAlign":"center","backgroundColor":"transparent","textDecoration":"none","fontFamily":"Arial","fontStyle":"normal","fontWeight":"normal","lineHeight":1.1,"overflow":"hidden","textOverflow":"clip","whiteSpace":"pre","padding":8,"type":["Shape","SingleFreeNode","PhysicalEntity","CellularComponent","Cell"],"kaavioType":"SingleFreeNode","gpmlElementName":"Shape"},"bdc85":{"id":"bdc85","textContent":"Label","x":477.61753698696634,"y":492.1068189131186,"color":"#ff0000","backgroundColor":"transparent","fontSize":10,"height":20,"verticalAlign":"middle","width":80,"zIndex":32800,"textAlign":"center","textDecoration":"none","fontFamily":"Arial","fontStyle":"normal","fontWeight":"normal","borderWidth":0,"drawAs":"none","lineHeight":1.1,"overflow":"hidden","textOverflow":"clip","whiteSpace":"pre","padding":8,"type":["Label","SingleFreeNode"],"kaavioType":"SingleFreeNode","gpmlElementName":"Label"},"f2d67":{"id":"f2d67","textContent":"Metabolite","wpType":"Metabolite","x":477.61753698696634,"y":161.00690348109302,"color":"#ff0000","fontSize":10,"height":20,"verticalAlign":"middle","width":80,"zIndex":32802,"textAlign":"center","backgroundColor":"#ffffff","textDecoration":"none","fontFamily":"Arial","fontStyle":"normal","fontWeight":"normal","borderWidth":1,"drawAs":"rect","lineHeight":1.1,"overflow":"hidden","textOverflow":"clip","whiteSpace":"pre","padding":8,"type":["DataNode","SingleFreeNode","Metabolite"],"kaavioType":"SingleFreeNode","gpmlElementName":"DataNode"},"d9a1c":{"id":"d9a1c","textContent":"Rectangle","x":607.0242821339235,"y":279.26770727767723,"color":"#ff0000","backgroundColor":"#00cc00","fontSize":10,"height":49.43964110929852,"rotation":0,"drawAs":"rect","verticalAlign":"middle","width":88.59135399673727,"zIndex":32803,"textAlign":"center","textDecoration":"none","fontFamily":"Arial","fontStyle":"normal","fontWeight":"normal","borderWidth":1,"lineHeight":1.1,"overflow":"hidden","textOverflow":"clip","whiteSpace":"pre","padding":8,"type":["Shape","SingleFreeNode"],"kaavioType":"SingleFreeNode","gpmlElementName":"Shape"},"b7cf6":{"id":"b7cf6","textContent":"Color = FF0000\nFillColor = 00CC00","x":609.9341826741247,"y":34.01945731752059,"backgroundColor":"transparent","fontSize":10,"height":39.28114610204509,"verticalAlign":"middle","width":89.51218410788172,"zIndex":32805,"textAlign":"center","color":"#000000","textDecoration":"none","fontFamily":"Arial","fontStyle":"normal","fontWeight":"normal","borderWidth":0,"drawAs":"none","lineHeight":1.1,"overflow":"hidden","textOverflow":"clip","whiteSpace":"pre","padding":8,"type":["Label","SingleFreeNode"],"kaavioType":"SingleFreeNode","gpmlElementName":"Label"},"d6652":{"id":"d6652","textContent":"GeneProduct","wpType":"GeneProduct","x":611.3199591322942,"y":98.53728613602622,"color":"#ff0000","backgroundColor":"#00cc00","fontSize":10,"height":20,"verticalAlign":"middle","width":80,"zIndex":32807,"textAlign":"center","textDecoration":"none","fontFamily":"Arial","fontStyle":"normal","fontWeight":"normal","borderWidth":1,"drawAs":"rect","lineHeight":1.1,"overflow":"hidden","textOverflow":"clip","whiteSpace":"pre","padding":8,"type":["DataNode","SingleFreeNode","GeneProduct"],"kaavioType":"SingleFreeNode","gpmlElementName":"DataNode"},"fc702":{"id":"fc702","textContent":"Cell","cellularComponent":"Cell","borderStyle":"double","x":597.3676752823739,"y":360.96509716348413,"color":"#ff0000","backgroundColor":"#00cc00","fontSize":10,"height":83.43474714518767,"borderWidth":3,"rotation":0,"drawAs":"rect","borderRadius":15,"verticalAlign":"middle","width":107.9045676998366,"zIndex":32804,"textAlign":"center","textDecoration":"none","fontFamily":"Arial","fontStyle":"normal","fontWeight":"normal","lineHeight":1.1,"overflow":"hidden","textOverflow":"clip","whiteSpace":"pre","padding":8,"type":["Shape","SingleFreeNode","PhysicalEntity","CellularComponent","Cell"],"kaavioType":"SingleFreeNode","gpmlElementName":"Shape"},"d84d8":{"id":"d84d8","textContent":"Label","x":611.3199591322942,"y":489.9960922695199,"color":"#ff0000","backgroundColor":"transparent","fontSize":10,"height":20,"verticalAlign":"middle","width":80,"zIndex":32806,"textAlign":"center","textDecoration":"none","fontFamily":"Arial","fontStyle":"normal","fontWeight":"normal","borderWidth":0,"drawAs":"none","lineHeight":1.1,"overflow":"hidden","textOverflow":"clip","whiteSpace":"pre","padding":8,"type":["Label","SingleFreeNode"],"kaavioType":"SingleFreeNode","gpmlElementName":"Label"},"be98b":{"id":"be98b","textContent":"Metabolite","wpType":"Metabolite","x":611.3199591322942,"y":158.89617683749432,"color":"#ff0000","backgroundColor":"#00cc00","fontSize":10,"height":20,"verticalAlign":"middle","width":80,"zIndex":32808,"textAlign":"center","textDecoration":"none","fontFamily":"Arial","fontStyle":"normal","fontWeight":"normal","borderWidth":1,"drawAs":"rect","lineHeight":1.1,"overflow":"hidden","textOverflow":"clip","whiteSpace":"pre","padding":8,"type":["DataNode","SingleFreeNode","Metabolite"],"kaavioType":"SingleFreeNode","gpmlElementName":"DataNode"},"e7f00":{"id":"e7f00","textContent":"Label\nshape: rectangle","x":8.699770585545977,"y":527.3147042569001,"backgroundColor":"#ffffff","fontSize":10,"height":60,"drawAs":"rect","verticalAlign":"middle","width":100,"zIndex":32809,"textAlign":"center","color":"#000000","textDecoration":"none","fontFamily":"Arial","fontStyle":"normal","fontWeight":"normal","borderWidth":1,"lineHeight":1.1,"overflow":"hidden","textOverflow":"clip","whiteSpace":"pre","padding":8,"type":["Label","SingleFreeNode"],"kaavioType":"SingleFreeNode","gpmlElementName":"Label"},"bf7e1":{"id":"bf7e1","textContent":"Pathway","wpType":"Pathway","x":162.42902208201897,"y":198.75920084121975,"color":"#14961e","fontSize":12,"fontWeight":"bold","height":20,"drawAs":"none","verticalAlign":"middle","width":80,"zIndex":32814,"textAlign":"center","backgroundColor":"transparent","textDecoration":"none","fontFamily":"Arial","fontStyle":"normal","borderWidth":0,"lineHeight":1.1,"overflow":"hidden","textOverflow":"clip","whiteSpace":"pre","padding":8,"type":["DataNode","SingleFreeNode","Pathway"],"kaavioType":"SingleFreeNode","gpmlElementName":"DataNode"},"ee537":{"id":"ee537","textContent":"Label\nshape: rectangle","x":160.62472980251133,"y":527.3147042568999,"fontSize":10,"height":60,"drawAs":"rect","verticalAlign":"middle","width":100,"zIndex":32810,"textAlign":"center","color":"#000000","backgroundColor":"transparent","textDecoration":"none","fontFamily":"Arial","fontStyle":"normal","fontWeight":"normal","borderWidth":1,"lineHeight":1.1,"overflow":"hidden","textOverflow":"clip","whiteSpace":"pre","padding":8,"type":["Label","SingleFreeNode"],"kaavioType":"SingleFreeNode","gpmlElementName":"Label"},"e68ed":{"id":"e68ed","textContent":"Pathway","wpType":"Pathway","x":333.3123028391165,"y":198.75920084121975,"color":"#14961e","fontSize":12,"fontWeight":"bold","height":20,"drawAs":"none","verticalAlign":"middle","width":80,"zIndex":32815,"textAlign":"center","backgroundColor":"transparent","textDecoration":"none","fontFamily":"Arial","fontStyle":"normal","borderWidth":0,"lineHeight":1.1,"overflow":"hidden","textOverflow":"clip","whiteSpace":"pre","padding":8,"type":["DataNode","SingleFreeNode","Pathway"],"kaavioType":"SingleFreeNode","gpmlElementName":"DataNode"},"e3e70":{"id":"e3e70","textContent":"Label\nshape: rectangle","x":330.2821523147465,"y":527.3147042569001,"backgroundColor":"#00cc00","fontSize":10,"height":60,"drawAs":"rect","verticalAlign":"middle","width":100,"zIndex":32811,"textAlign":"center","color":"#000000","textDecoration":"none","fontFamily":"Arial","fontStyle":"normal","fontWeight":"normal","borderWidth":1,"lineHeight":1.1,"overflow":"hidden","textOverflow":"clip","whiteSpace":"pre","padding":8,"type":["Label","SingleFreeNode"],"kaavioType":"SingleFreeNode","gpmlElementName":"Label"},"b2f40":{"id":"b2f40","textContent":"Pathway","wpType":"Pathway","x":476.8559411146157,"y":198.75920084121975,"color":"#ff0000","fontSize":12,"fontWeight":"bold","height":20,"drawAs":"none","verticalAlign":"middle","width":80,"zIndex":32816,"textAlign":"center","backgroundColor":"transparent","textDecoration":"none","fontFamily":"Arial","fontStyle":"normal","borderWidth":0,"lineHeight":1.1,"overflow":"hidden","textOverflow":"clip","whiteSpace":"pre","padding":8,"type":["DataNode","SingleFreeNode","Pathway"],"kaavioType":"SingleFreeNode","gpmlElementName":"DataNode"},"da3c8":{"id":"da3c8","textContent":"Label\nshape: rectangle","x":470.2568640111515,"y":527.3147042569001,"color":"#ff0000","backgroundColor":"#ffffff","fontSize":10,"height":60,"drawAs":"rect","verticalAlign":"middle","width":100,"zIndex":32812,"textAlign":"center","textDecoration":"none","fontFamily":"Arial","fontStyle":"normal","fontWeight":"normal","borderWidth":1,"lineHeight":1.1,"overflow":"hidden","textOverflow":"clip","whiteSpace":"pre","padding":8,"type":["Label","SingleFreeNode"],"kaavioType":"SingleFreeNode","gpmlElementName":"Label"},"a14a8":{"id":"a14a8","textContent":"Pathway","wpType":"Pathway","x":610.935856992638,"y":198.75920084121975,"color":"#ff0000","backgroundColor":"transparent","fontSize":12,"fontWeight":"bold","height":20,"drawAs":"none","verticalAlign":"middle","width":80,"zIndex":32817,"textAlign":"center","textDecoration":"none","fontFamily":"Arial","fontStyle":"normal","borderWidth":0,"lineHeight":1.1,"overflow":"hidden","textOverflow":"clip","whiteSpace":"pre","padding":8,"type":["DataNode","SingleFreeNode","Pathway"],"kaavioType":"SingleFreeNode","gpmlElementName":"DataNode"},"ffa91":{"id":"ffa91","textContent":"Label\nshape: rectangle","x":603.9592861564795,"y":527.3147042569001,"color":"#ff0000","backgroundColor":"#00cc00","fontSize":10,"height":60,"drawAs":"rect","verticalAlign":"middle","width":100,"zIndex":32813,"textAlign":"center","textDecoration":"none","fontFamily":"Arial","fontStyle":"normal","fontWeight":"normal","borderWidth":1,"lineHeight":1.1,"overflow":"hidden","textOverflow":"clip","whiteSpace":"pre","padding":8,"type":["Label","SingleFreeNode"],"kaavioType":"SingleFreeNode","gpmlElementName":"Label"},"a2021":{"id":"a2021","textContent":"Pathway\nshape: r.rect","wpType":"Pathway","x":9.42166140904311,"y":220.84121976866456,"color":"#14961e","fontSize":12,"fontWeight":"bold","height":40,"drawAs":"rect","borderRadius":15,"verticalAlign":"middle","width":100,"zIndex":32818,"textAlign":"center","backgroundColor":"#ffffff","textDecoration":"none","fontFamily":"Arial","fontStyle":"normal","borderWidth":1,"lineHeight":1.1,"overflow":"hidden","textOverflow":"clip","whiteSpace":"pre","padding":8,"type":["DataNode","SingleFreeNode","Pathway"],"kaavioType":"SingleFreeNode","gpmlElementName":"DataNode"},"eb565":{"id":"eb565","textContent":"Group\nStyle: Pathway","x":8.5,"y":8.5,"backgroundColor":"transparent","fontSize":10,"height":39.01023890784963,"verticalAlign":"middle","width":80,"zIndex":32923,"textAlign":"center","color":"#000000","textDecoration":"none","fontFamily":"Arial","fontStyle":"normal","fontWeight":"normal","borderWidth":0,"drawAs":"none","lineHeight":1.1,"overflow":"hidden","textOverflow":"clip","whiteSpace":"pre","padding":8,"type":["Label","SingleFreeNode"],"kaavioType":"SingleFreeNode","gpmlElementName":"Label","isPartOf":"pvjsgeneratedidffa92"},"bdb47":{"id":"bdb47","textContent":"Pathway\nshape: r.rect","wpType":"Pathway","x":152.96529968454263,"y":220.84121976866456,"color":"#14961e","backgroundColor":"transparent","fontSize":12,"fontWeight":"bold","height":40,"drawAs":"rect","borderRadius":15,"verticalAlign":"middle","width":100,"zIndex":32819,"textAlign":"center","textDecoration":"none","fontFamily":"Arial","fontStyle":"normal","borderWidth":1,"lineHeight":1.1,"overflow":"hidden","textOverflow":"clip","whiteSpace":"pre","padding":8,"type":["DataNode","SingleFreeNode","Pathway"],"kaavioType":"SingleFreeNode","gpmlElementName":"DataNode"},"d10f8":{"id":"d10f8","textContent":"Group\nStyle: None","x":9,"y":9,"backgroundColor":"transparent","fontSize":10,"height":39.01023890784963,"verticalAlign":"middle","width":80,"zIndex":32925,"textAlign":"center","color":"#000000","textDecoration":"none","fontFamily":"Arial","fontStyle":"normal","fontWeight":"normal","borderWidth":0,"drawAs":"none","lineHeight":1.1,"overflow":"hidden","textOverflow":"clip","whiteSpace":"pre","padding":8,"type":["Label","SingleFreeNode"],"kaavioType":"SingleFreeNode","gpmlElementName":"Label","isPartOf":"pvjsgeneratedidffa93"},"e0950":{"id":"e0950","textContent":"Pathway\nshape: r.rect","wpType":"Pathway","x":323.84858044164025,"y":220.84121976866456,"color":"#14961e","backgroundColor":"#00cc00","fontSize":12,"fontWeight":"bold","height":40,"drawAs":"rect","borderRadius":15,"verticalAlign":"middle","width":100,"zIndex":32820,"textAlign":"center","textDecoration":"none","fontFamily":"Arial","fontStyle":"normal","borderWidth":1,"lineHeight":1.1,"overflow":"hidden","textOverflow":"clip","whiteSpace":"pre","padding":8,"type":["DataNode","SingleFreeNode","Pathway"],"kaavioType":"SingleFreeNode","gpmlElementName":"DataNode"},"dfbe5":{"id":"dfbe5","textContent":"Group\nStyle: Complex","x":12,"y":12,"backgroundColor":"transparent","fontSize":10,"height":39.01023890784963,"verticalAlign":"middle","width":80,"zIndex":32927,"textAlign":"center","color":"#000000","textDecoration":"none","fontFamily":"Arial","fontStyle":"normal","fontWeight":"normal","borderWidth":0,"drawAs":"none","lineHeight":1.1,"overflow":"hidden","textOverflow":"clip","whiteSpace":"pre","padding":8,"type":["Label","SingleFreeNode"],"kaavioType":"SingleFreeNode","gpmlElementName":"Label","isPartOf":"pvjsgeneratedidffa94"},"e28e3":{"id":"e28e3","textContent":"Pathway\nshape: r.rect","wpType":"Pathway","x":467.39221871713926,"y":220.84121976866456,"color":"#ff0000","fontSize":12,"fontWeight":"bold","height":40,"drawAs":"rect","borderRadius":15,"verticalAlign":"middle","width":100,"zIndex":32821,"textAlign":"center","backgroundColor":"#ffffff","textDecoration":"none","fontFamily":"Arial","fontStyle":"normal","borderWidth":1,"lineHeight":1.1,"overflow":"hidden","textOverflow":"clip","whiteSpace":"pre","padding":8,"type":["DataNode","SingleFreeNode","Pathway"],"kaavioType":"SingleFreeNode","gpmlElementName":"DataNode"},"dbd8e":{"id":"dbd8e","textContent":"Group\nStyle: Complex","x":12,"y":12,"backgroundColor":"transparent","fontSize":10,"height":39.01023890784963,"verticalAlign":"middle","width":80,"zIndex":32929,"textAlign":"center","color":"#000000","textDecoration":"none","fontFamily":"Arial","fontStyle":"normal","fontWeight":"normal","borderWidth":0,"drawAs":"none","lineHeight":1.1,"overflow":"hidden","textOverflow":"clip","whiteSpace":"pre","padding":8,"type":["Label","SingleFreeNode"],"kaavioType":"SingleFreeNode","gpmlElementName":"Label","isPartOf":"pvjsgeneratedidffa95"},"dc3bc":{"id":"dc3bc","textContent":"Pathway\nshape: r.rect","wpType":"Pathway","x":601.4721345951617,"y":220.84121976866456,"color":"#ff0000","backgroundColor":"#00cc00","fontSize":12,"fontWeight":"bold","height":40,"drawAs":"rect","borderRadius":15,"verticalAlign":"middle","width":100,"zIndex":32822,"textAlign":"center","textDecoration":"none","fontFamily":"Arial","fontStyle":"normal","borderWidth":1,"lineHeight":1.1,"overflow":"hidden","textOverflow":"clip","whiteSpace":"pre","padding":8,"type":["DataNode","SingleFreeNode","Pathway"],"kaavioType":"SingleFreeNode","gpmlElementName":"DataNode"},"b8376":{"id":"b8376","textContent":"Group\nStyle: Group","x":8.000000000000114,"y":8,"backgroundColor":"transparent","fontSize":10,"height":39.01023890784963,"verticalAlign":"middle","width":80,"zIndex":32931,"textAlign":"center","color":"#000000","textDecoration":"none","fontFamily":"Arial","fontStyle":"normal","fontWeight":"normal","borderWidth":0,"drawAs":"none","lineHeight":1.1,"overflow":"hidden","textOverflow":"clip","whiteSpace":"pre","padding":8,"type":["Label","SingleFreeNode"],"kaavioType":"SingleFreeNode","gpmlElementName":"Label","isPartOf":"pvjsgeneratedidffa96"},"b4342":{"id":"b4342","textContent":"GeneProduct","wpType":"GeneProduct","x":8.5,"y":57.517436595098374,"fontSize":10,"height":20,"verticalAlign":"middle","width":80,"zIndex":32924,"textAlign":"center","color":"#000000","backgroundColor":"#ffffff","textDecoration":"none","fontFamily":"Arial","fontStyle":"normal","fontWeight":"normal","borderWidth":1,"drawAs":"rect","lineHeight":1.1,"overflow":"hidden","textOverflow":"clip","whiteSpace":"pre","padding":8,"type":["DataNode","SingleFreeNode","GeneProduct"],"kaavioType":"SingleFreeNode","gpmlElementName":"DataNode","isPartOf":"pvjsgeneratedidffa92"},"d1b24":{"id":"d1b24","textContent":"Groups","x":761.7171974220012,"y":45.1648847374752,"backgroundColor":"transparent","fontSize":10,"height":20,"verticalAlign":"middle","width":89.51218410788172,"zIndex":32933,"textAlign":"center","color":"#000000","textDecoration":"none","fontFamily":"Arial","fontStyle":"normal","fontWeight":"normal","borderWidth":0,"drawAs":"none","lineHeight":1.1,"overflow":"hidden","textOverflow":"clip","whiteSpace":"pre","padding":8,"type":["Label","SingleFreeNode"],"kaavioType":"SingleFreeNode","gpmlElementName":"Label"},"efa6b":{"id":"efa6b","textContent":"GeneProduct","wpType":"GeneProduct","x":9.000000000000227,"y":58.0174365950987,"fontSize":10,"height":20,"verticalAlign":"middle","width":80,"zIndex":32926,"textAlign":"center","color":"#000000","backgroundColor":"#ffffff","textDecoration":"none","fontFamily":"Arial","fontStyle":"normal","fontWeight":"normal","borderWidth":1,"drawAs":"rect","lineHeight":1.1,"overflow":"hidden","textOverflow":"clip","whiteSpace":"pre","padding":8,"type":["DataNode","SingleFreeNode","GeneProduct"],"kaavioType":"SingleFreeNode","gpmlElementName":"DataNode","isPartOf":"pvjsgeneratedidffa93"},"aff6d":{"id":"aff6d","textContent":"GeneProduct","wpType":"GeneProduct","x":12.000000000000227,"y":61.01743659509856,"fontSize":10,"height":20,"verticalAlign":"middle","width":80,"zIndex":32928,"textAlign":"center","color":"#000000","backgroundColor":"#ffffff","textDecoration":"none","fontFamily":"Arial","fontStyle":"normal","fontWeight":"normal","borderWidth":1,"drawAs":"rect","lineHeight":1.1,"overflow":"hidden","textOverflow":"clip","whiteSpace":"pre","padding":8,"type":["DataNode","SingleFreeNode","GeneProduct"],"kaavioType":"SingleFreeNode","gpmlElementName":"DataNode","isPartOf":"pvjsgeneratedidffa94"},"c0a78":{"id":"c0a78","textContent":"GeneProduct","wpType":"GeneProduct","x":12,"y":61.017436595099525,"fontSize":10,"height":20,"verticalAlign":"middle","width":80,"zIndex":32930,"textAlign":"center","color":"#000000","backgroundColor":"#ffffff","textDecoration":"none","fontFamily":"Arial","fontStyle":"normal","fontWeight":"normal","borderWidth":1,"drawAs":"rect","lineHeight":1.1,"overflow":"hidden","textOverflow":"clip","whiteSpace":"pre","padding":8,"type":["DataNode","SingleFreeNode","GeneProduct"],"kaavioType":"SingleFreeNode","gpmlElementName":"DataNode","isPartOf":"pvjsgeneratedidffa95"},"b24c5":{"id":"b24c5","textContent":"GeneProduct","wpType":"GeneProduct","x":8,"y":57.01743659509839,"fontSize":10,"height":20,"verticalAlign":"middle","width":80,"zIndex":32932,"textAlign":"center","color":"#000000","backgroundColor":"#ffffff","textDecoration":"none","fontFamily":"Arial","fontStyle":"normal","fontWeight":"normal","borderWidth":1,"drawAs":"rect","lineHeight":1.1,"overflow":"hidden","textOverflow":"clip","whiteSpace":"pre","padding":8,"type":["DataNode","SingleFreeNode","GeneProduct"],"kaavioType":"SingleFreeNode","gpmlElementName":"DataNode","isPartOf":"pvjsgeneratedidffa96"},"a0014":{"id":"a0014","color":"#ffff33","borderWidth":5,"zIndex":-11,"points":[{"x":187.3100085302312,"y":76.34195847303447},{"x":187.31000853023113,"y":622.3880501261713}],"drawAs":"StraightLine","type":["GraphicalLine","Edge"],"kaavioType":"Edge","gpmlElementName":"GraphicalLine"},"bab68":{"id":"bab68","color":"#ffff33","borderWidth":5,"zIndex":-9,"points":[{"x":355.90031690027547,"y":66.518169926779},{"x":355.90031690027547,"y":612.5642615799167}],"drawAs":"StraightLine","type":["GraphicalLine","Edge"],"kaavioType":"Edge","gpmlElementName":"GraphicalLine"},"dc328":{"id":"dc328","color":"#ffff33","borderWidth":5,"zIndex":-8,"points":[{"x":498.0589072086452,"y":74.3155267549728},{"x":498.0589072086452,"y":620.3616184081101}],"drawAs":"StraightLine","type":["GraphicalLine","Edge"],"kaavioType":"Edge","gpmlElementName":"GraphicalLine"},"bbea7":{"id":"bbea7","color":"#ffff33","borderWidth":5,"zIndex":-7,"points":[{"x":631.4069248297905,"y":77.70759723955429},{"x":631.4069248297905,"y":623.7536888926917}],"drawAs":"StraightLine","type":["GraphicalLine","Edge"],"kaavioType":"Edge","gpmlElementName":"GraphicalLine"},"dbc4c":{"id":"dbc4c","color":"#ffff33","borderWidth":5,"zIndex":-6,"points":[{"x":784.5787309971913,"y":65.68116552149266},{"x":784.5787309971913,"y":611.7272571746303}],"drawAs":"StraightLine","type":["GraphicalLine","Edge"],"kaavioType":"Edge","gpmlElementName":"GraphicalLine"},"eb60f":{"id":"eb60f","color":"#ffff33","borderWidth":5,"zIndex":-4,"points":[{"x":35.23952394873337,"y":66.34195847303447},{"x":35.239523948733314,"y":612.3880501261713}],"drawAs":"StraightLine","type":["GraphicalLine","Edge"],"kaavioType":"Edge","gpmlElementName":"GraphicalLine"},"c451b":{"id":"c451b","borderWidth":1,"zIndex":32939,"points":[{"x":59.29238738485673,"y":71.67235494880538},{"x":59.292387384856696,"y":617.7184466019417}],"color":"#000000","drawAs":"StraightLine","type":["GraphicalLine","Edge"],"kaavioType":"Edge","gpmlElementName":"GraphicalLine"},"d2a4a":{"id":"d2a4a","borderWidth":1,"zIndex":32940,"points":[{"x":206.42830971495383,"y":74.39080155074714},{"x":206.4283097149538,"y":620.4368932038835}],"color":"#000000","drawAs":"StraightLine","type":["GraphicalLine","Edge"],"kaavioType":"Edge","gpmlElementName":"GraphicalLine"},"beae0":{"id":"beae0","borderWidth":1,"zIndex":32941,"points":[{"x":377.83607670524503,"y":73.46847145365979},{"x":377.836076705245,"y":619.5145631067958}],"color":"#000000","drawAs":"StraightLine","type":["GraphicalLine","Edge"],"kaavioType":"Edge","gpmlElementName":"GraphicalLine"},"d1eb8":{"id":"d1eb8","borderWidth":1,"zIndex":32942,"points":[{"x":521.3312223363132,"y":78.61410252162091},{"x":521.3312223363132,"y":624.6601941747568}],"color":"#000000","drawAs":"StraightLine","type":["GraphicalLine","Edge"],"kaavioType":"Edge","gpmlElementName":"GraphicalLine"},"d9aec":{"id":"d9aec","borderWidth":1,"zIndex":32943,"points":[{"x":652.6904456372839,"y":80.11895689055295},{"x":652.6904456372839,"y":626.165048543689}],"color":"#000000","drawAs":"StraightLine","type":["GraphicalLine","Edge"],"kaavioType":"Edge","gpmlElementName":"GraphicalLine"},"ebf90":{"id":"ebf90","borderWidth":1,"zIndex":32944,"points":[{"x":805.8943291324306,"y":68.27429669637824},{"x":805.8943291324305,"y":614.3203883495137}],"color":"#000000","drawAs":"StraightLine","type":["GraphicalLine","Edge"],"kaavioType":"Edge","gpmlElementName":"GraphicalLine"},"pvjsgeneratedidffa92":{"textAlign":"center","color":"#808080","verticalAlign":"middle","fontSize":1,"fontWeight":"bold","borderWidth":0.5,"fillOpacity":0.1,"padding":8,"drawAs":"rect","strokeDasharray":"5,3","backgroundColor":"#00ff00","type":["Group","Pathway","GroupPathway"],"contains":["eb565","b4342"],"id":"pvjsgeneratedidffa92","kaavioType":"Group","gpmlElementName":"Group","zIndex":32923,"x":757.1428509121224,"y":73.28931215136767,"width":97,"height":86.01743659509837},"pvjsgeneratedidffa93":{"textAlign":"center","color":"#808080","verticalAlign":"middle","fontSize":1,"fontWeight":"bold","borderWidth":1,"fillOpacity":0.1,"padding":8,"drawAs":"rect","strokeDasharray":"5,3","backgroundColor":"#b4b464","type":["Group","GroupNone"],"contains":["d10f8","efa6b"],"id":"pvjsgeneratedidffa93","kaavioType":"Group","gpmlElementName":"Group","zIndex":32925,"x":756.6428509121224,"y":181.76542136638423,"width":98.00000000000023,"height":87.0174365950987},"pvjsgeneratedidffa94":{"textAlign":"center","color":"#808080","verticalAlign":"middle","fontSize":1,"fontWeight":"bold","borderWidth":1,"fillOpacity":0.1,"padding":11,"backgroundColor":"#b4b464","type":["Group","Complex","GroupComplex"],"contains":["dfbe5","aff6d"],"id":"pvjsgeneratedidffa94","kaavioType":"Group","gpmlElementName":"Group","zIndex":32927,"x":753.6428509121224,"y":297.9804384312304,"width":104.00000000000023,"height":93.01743659509856},"pvjsgeneratedidffa95":{"textAlign":"center","color":"#808080","verticalAlign":"middle","fontSize":1,"fontWeight":"bold","borderWidth":1,"fillOpacity":0.1,"padding":11,"backgroundColor":"#b4b464","type":["Group","Complex","GroupComplex"],"contains":["dbd8e","c0a78"],"id":"pvjsgeneratedidffa95","kaavioType":"Group","gpmlElementName":"Group","zIndex":32929,"x":753.6428509121225,"y":407.195455496077,"width":104,"height":93.01743659509953},"pvjsgeneratedidffa96":{"textAlign":"center","color":"#808080","verticalAlign":"middle","fontSize":1,"fontWeight":"bold","borderWidth":0,"fillOpacity":0.1,"padding":8,"drawAs":"none","strokeDasharray":"5,3","backgroundColor":"transparent","type":["Group","GroupGroup"],"contains":["b8376","b24c5"],"id":"pvjsgeneratedidffa96","kaavioType":"Group","gpmlElementName":"Group","zIndex":32931,"x":756.3059525164006,"y":523.6586743134441,"width":96.00000000000011,"height":85.01743659509839}}}
