{"pathway":{"@context":["https://cdn.rawgit.com/wikipathways/WpVocabularies/7a46a05/contexts/pvjs.jsonld"],"backgroundColor":"white","borderWidth":0,"color":"black","contains":["id566582d6","id4a5d9e1","id227e10ee","id6eb5a3e3","id61b7bfc2","id16b156e8","idcecadf02","id82d0ad08","id3bea2e99","pvjsgeneratedidfefb6","id902d27d","d4258","id19b2180","fa2a3","a2c9b","fabb3","c5880","a9133","pvjsgeneratedidfefb8","cb201","cc32a","c4c10","fbdbc","pvjsgeneratedidfefb7","c9757"],"drawAs":"rect","gpmlElementName":"Pathway","height":765.0732091494318,"kaavioType":"Group","name":"test case","padding":5,"type":["Pathway"],"width":1098.9699645039557,"x":0,"y":0,"zIndex":0,"fontSize":12,"fontWeight":"bold","textAlign":"left","verticalAlign":"top","dataSourceVersion":"20130809","standardName":"test case","displayName":"test case","textContent":"Name: test case","isSimilarTo":"http://wikipathways.org/index.php/Special:SearchPathways?query=test%20case&doSearch=1","id":"hash://sha256/19bd30afe4eacfafb10e60be8467a5a2962bc7b1197497797d421ab0cf72322f"},"entityMap":{"cac2a":{"id":"cac2a","textContent":"Pathway","wpType":"Pathway","x":17.421936191972236,"y":166.5636791472307,"color":"#14961e","fontSize":12,"fontWeight":"bold","height":20,"drawAs":"none","verticalAlign":"middle","width":80,"zIndex":32768,"textAlign":"center","backgroundColor":"transparent","textDecoration":"none","fontFamily":"Arial","fontStyle":"normal","borderWidth":0,"lineHeight":1.1,"overflow":"hidden","textOverflow":"clip","whiteSpace":"pre","padding":8,"type":["DataNode","SingleFreeNode","Pathway"],"kaavioType":"SingleFreeNode","gpmlElementName":"DataNode","isPartOf":"fa2a3"},"f4785":{"id":"f4785","x":12,"y":12,"fontSize":10,"height":71.9285714285714,"rotation":0,"drawAs":"ArcPathVisio","verticalAlign":"middle","width":92.33673469387747,"zIndex":32821,"textAlign":"center","color":"#000000","backgroundColor":"transparent","textDecoration":"none","fontFamily":"Arial","fontStyle":"normal","fontWeight":"normal","borderWidth":1,"lineHeight":1.1,"overflow":"hidden","textOverflow":"clip","whiteSpace":"pre","padding":8,"type":["Shape","SingleFreeNode"],"kaavioType":"SingleFreeNode","gpmlElementName":"Shape","isPartOf":"d4258"},"cc32a":{"id":"cc32a","textContent":"Group style: Group","x":308.86868981616567,"y":196.75905623410705,"backgroundColor":"transparent","fontSize":10,"fontWeight":"bold","height":20,"verticalAlign":"middle","width":109,"zIndex":32791,"textAlign":"center","color":"#000000","textDecoration":"none","fontFamily":"Arial","fontStyle":"normal","borderWidth":0,"drawAs":"none","lineHeight":1.1,"overflow":"hidden","textOverflow":"clip","whiteSpace":"pre","padding":8,"type":["Label","SingleFreeNode"],"kaavioType":"SingleFreeNode","gpmlElementName":"Label"},"ba3c6":{"id":"ba3c6","textContent":"Protein","wpType":"Protein","x":12.516064257028233,"y":8.5,"fontSize":10,"height":20,"verticalAlign":"middle","width":80,"zIndex":32768,"textAlign":"center","color":"#000000","backgroundColor":"#ffffff","textDecoration":"none","fontFamily":"Arial","fontStyle":"normal","fontWeight":"normal","borderWidth":1,"drawAs":"rect","lineHeight":1.1,"overflow":"hidden","textOverflow":"clip","whiteSpace":"pre","padding":8,"type":["DataNode","SingleFreeNode","Protein"],"kaavioType":"SingleFreeNode","gpmlElementName":"DataNode","isPartOf":"a2c9b"},"fce8d":{"id":"fce8d","cellularComponent":"Cell","borderStyle":"double","x":142.1197924118839,"y":90.53317907551988,"color":"#c0c0c0","fontSize":10,"height":81.99794617459324,"borderWidth":3,"rotation":38.83397738483826,"drawAs":"rect","borderRadius":15,"verticalAlign":"middle","width":94.85399673735725,"zIndex":32822,"textAlign":"center","backgroundColor":"transparent","textDecoration":"none","fontFamily":"Arial","fontStyle":"normal","fontWeight":"normal","lineHeight":1.1,"overflow":"hidden","textOverflow":"clip","whiteSpace":"pre","padding":8,"textRotation":-38.83397738483826,"type":["Shape","SingleFreeNode","PhysicalEntity","CellularComponent","Cell"],"kaavioType":"SingleFreeNode","gpmlElementName":"Shape","isPartOf":"d4258"},"c4c10":{"id":"c4c10","textContent":"Group style: Pathway","x":285.0209253586316,"y":404.0684763252457,"backgroundColor":"transparent","fontSize":10,"fontWeight":"bold","height":20,"verticalAlign":"middle","width":109,"zIndex":32808,"textAlign":"center","color":"#000000","textDecoration":"none","fontFamily":"Arial","fontStyle":"normal","borderWidth":0,"drawAs":"none","lineHeight":1.1,"overflow":"hidden","textOverflow":"clip","whiteSpace":"pre","padding":8,"type":["Label","SingleFreeNode"],"kaavioType":"SingleFreeNode","gpmlElementName":"Label"},"ed434":{"id":"ed434","textContent":"Rna","wpType":"Rna","x":8.5,"y":63.38621151271724,"fontSize":10,"height":20,"verticalAlign":"middle","width":80,"zIndex":32768,"textAlign":"center","color":"#000000","backgroundColor":"#ffffff","textDecoration":"none","fontFamily":"Arial","fontStyle":"normal","fontWeight":"normal","borderWidth":1,"drawAs":"rect","lineHeight":1.1,"overflow":"hidden","textOverflow":"clip","whiteSpace":"pre","padding":8,"type":["DataNode","SingleFreeNode","Rna"],"kaavioType":"SingleFreeNode","gpmlElementName":"DataNode","isPartOf":"a2c9b"},"fbdbc":{"id":"fbdbc","textContent":"Group style: None","x":20.70157155362854,"y":417.007461753303,"backgroundColor":"transparent","fontSize":10,"fontWeight":"bold","height":20,"verticalAlign":"middle","width":109,"zIndex":32809,"textAlign":"center","color":"#000000","textDecoration":"none","fontFamily":"Arial","fontStyle":"normal","borderWidth":0,"drawAs":"none","lineHeight":1.1,"overflow":"hidden","textOverflow":"clip","whiteSpace":"pre","padding":8,"type":["Label","SingleFreeNode"],"kaavioType":"SingleFreeNode","gpmlElementName":"Label"},"f3866":{"id":"f3866","textContent":"Pathway","wpType":"Pathway","x":8.5,"y":8.5,"color":"#14961e","fontSize":12,"fontWeight":"bold","height":20,"drawAs":"none","verticalAlign":"middle","width":80,"zIndex":32768,"textAlign":"center","backgroundColor":"transparent","textDecoration":"none","fontFamily":"Arial","fontStyle":"normal","borderWidth":0,"lineHeight":1.1,"overflow":"hidden","textOverflow":"clip","whiteSpace":"pre","padding":8,"type":["DataNode","SingleFreeNode","Pathway"],"kaavioType":"SingleFreeNode","gpmlElementName":"DataNode","isPartOf":"fabb3"},"c9757":{"id":"c9757","textContent":"Group style: Complex","x":16.517904039350924,"y":256.0836633457002,"backgroundColor":"transparent","fontSize":10,"fontWeight":"bold","height":20,"verticalAlign":"middle","width":109,"zIndex":32819,"textAlign":"center","color":"#000000","textDecoration":"none","fontFamily":"Arial","fontStyle":"normal","borderWidth":0,"drawAs":"none","lineHeight":1.1,"overflow":"hidden","textOverflow":"clip","whiteSpace":"pre","padding":8,"type":["Label","SingleFreeNode"],"kaavioType":"SingleFreeNode","gpmlElementName":"Label"},"c43c2":{"id":"c43c2","textContent":"GeneProduct","wpType":"GeneProduct","x":230.21966170687568,"y":77.92277541516847,"fontSize":10,"height":20,"verticalAlign":"middle","width":80,"zIndex":32768,"textAlign":"center","color":"#000000","backgroundColor":"#ffffff","textDecoration":"none","fontFamily":"Arial","fontStyle":"normal","fontWeight":"normal","borderWidth":1,"drawAs":"rect","lineHeight":1.1,"overflow":"hidden","textOverflow":"clip","whiteSpace":"pre","padding":8,"type":["DataNode","SingleFreeNode","GeneProduct"],"kaavioType":"SingleFreeNode","gpmlElementName":"DataNode","isPartOf":"fabb3"},"fefb4":{"id":"fefb4","textContent":"GeneProduct","wpType":"GeneProduct","x":13.498324561184717,"y":9,"fontSize":10,"height":20,"verticalAlign":"middle","width":80,"zIndex":32768,"textAlign":"center","color":"#000000","backgroundColor":"#ffffff","textDecoration":"none","fontFamily":"Arial","fontStyle":"normal","fontWeight":"normal","borderWidth":1,"drawAs":"rect","lineHeight":1.1,"overflow":"hidden","textOverflow":"clip","whiteSpace":"pre","padding":8,"type":["DataNode","SingleFreeNode","GeneProduct"],"kaavioType":"SingleFreeNode","gpmlElementName":"DataNode","isPartOf":"c5880"},"c6399":{"id":"c6399","textContent":"Protein","wpType":"Protein","x":9,"y":44.50225747711323,"fontSize":10,"height":20,"verticalAlign":"middle","width":80,"zIndex":32768,"textAlign":"center","color":"#000000","backgroundColor":"#ffffff","textDecoration":"none","fontFamily":"Arial","fontStyle":"normal","fontWeight":"normal","borderWidth":1,"drawAs":"rect","lineHeight":1.1,"overflow":"hidden","textOverflow":"clip","whiteSpace":"pre","padding":8,"type":["DataNode","SingleFreeNode","Protein"],"kaavioType":"SingleFreeNode","gpmlElementName":"DataNode","isPartOf":"c5880"},"a0980":{"id":"a0980","textContent":"Unknown","x":25.06425702811245,"y":79.30814770469021,"fontSize":10,"height":20,"verticalAlign":"middle","width":80,"zIndex":32768,"textAlign":"center","color":"#000000","backgroundColor":"#ffffff","textDecoration":"none","fontFamily":"Arial","fontStyle":"normal","fontWeight":"normal","borderWidth":1,"drawAs":"rect","lineHeight":1.1,"overflow":"hidden","textOverflow":"clip","whiteSpace":"pre","padding":8,"wpType":"Unknown","type":["DataNode","SingleFreeNode","Unknown"],"kaavioType":"SingleFreeNode","gpmlElementName":"DataNode","isPartOf":"c5880"},"cab1d":{"id":"cab1d","textContent":"GeneProduct","wpType":"GeneProduct","x":12,"y":12,"fontSize":10,"height":20,"verticalAlign":"middle","width":80,"zIndex":32768,"textAlign":"center","color":"#000000","backgroundColor":"#ffffff","textDecoration":"none","fontFamily":"Arial","fontStyle":"normal","fontWeight":"normal","borderWidth":1,"drawAs":"rect","lineHeight":1.1,"overflow":"hidden","textOverflow":"clip","whiteSpace":"pre","padding":8,"type":["DataNode","SingleFreeNode","GeneProduct"],"kaavioType":"SingleFreeNode","gpmlElementName":"DataNode","isPartOf":"a9133"},"babfd":{"id":"babfd","textContent":"GeneProduct","wpType":"GeneProduct","x":12,"y":12,"fontSize":10,"height":20,"verticalAlign":"middle","width":80,"zIndex":32768,"textAlign":"center","color":"#000000","backgroundColor":"#ffffff","textDecoration":"none","fontFamily":"Arial","fontStyle":"normal","fontWeight":"normal","borderWidth":1,"drawAs":"rect","lineHeight":1.1,"overflow":"hidden","textOverflow":"clip","whiteSpace":"pre","padding":8,"type":["DataNode","SingleFreeNode","GeneProduct"],"kaavioType":"SingleFreeNode","gpmlElementName":"DataNode","burrs":["e4e86"],"isPartOf":"pvjsgeneratedidfefb8"},"e27a4":{"id":"e27a4","textContent":"GeneProduct","wpType":"GeneProduct","x":31.451137884872765,"y":76.96653279785818,"fontSize":10,"height":20,"verticalAlign":"middle","width":80,"zIndex":32769,"textAlign":"center","color":"#000000","backgroundColor":"#ffffff","textDecoration":"none","fontFamily":"Arial","fontStyle":"normal","fontWeight":"normal","borderWidth":1,"drawAs":"rect","lineHeight":1.1,"overflow":"hidden","textOverflow":"clip","whiteSpace":"pre","padding":8,"type":["DataNode","SingleFreeNode","GeneProduct"],"kaavioType":"SingleFreeNode","gpmlElementName":"DataNode","isPartOf":"fa2a3"},"c6681":{"id":"c6681","textContent":"GeneProduct","wpType":"GeneProduct","x":10.67737617135208,"y":8,"fontSize":10,"height":20,"verticalAlign":"middle","width":80,"zIndex":32770,"textAlign":"center","color":"#000000","backgroundColor":"#ffffff","textDecoration":"none","fontFamily":"Arial","fontStyle":"normal","fontWeight":"normal","borderWidth":1,"drawAs":"rect","lineHeight":1.1,"overflow":"hidden","textOverflow":"clip","whiteSpace":"pre","padding":8,"type":["DataNode","SingleFreeNode","GeneProduct"],"kaavioType":"SingleFreeNode","gpmlElementName":"DataNode","isPartOf":"cb201"},"bec0b":{"id":"bec0b","textContent":"GeneProduct","wpType":"GeneProduct","citations":["publicationXrefc70"],"x":12,"y":12,"fontSize":10,"height":20,"verticalAlign":"middle","width":80,"zIndex":32771,"textAlign":"center","color":"#000000","backgroundColor":"#ffffff","textDecoration":"none","fontFamily":"Arial","fontStyle":"normal","fontWeight":"normal","borderWidth":1,"drawAs":"rect","lineHeight":1.1,"overflow":"hidden","textOverflow":"clip","whiteSpace":"pre","padding":8,"type":["DataNode","SingleFreeNode","GeneProduct"],"kaavioType":"SingleFreeNode","gpmlElementName":"DataNode","isPartOf":"fa2a3"},"db070":{"id":"db070","textContent":"Metabolite","wpType":"Metabolite","x":8,"y":62.88621151271755,"color":"#0000ff","fontSize":10,"height":20,"verticalAlign":"middle","width":80,"zIndex":32772,"textAlign":"center","backgroundColor":"#ffffff","textDecoration":"none","fontFamily":"Arial","fontStyle":"normal","fontWeight":"normal","borderWidth":1,"drawAs":"rect","lineHeight":1.1,"overflow":"hidden","textOverflow":"clip","whiteSpace":"pre","padding":8,"type":["DataNode","SingleFreeNode","Metabolite"],"kaavioType":"SingleFreeNode","gpmlElementName":"DataNode","isPartOf":"cb201"},"c22bd":{"id":"c22bd","textContent":"GeneProduct","wpType":"GeneProduct","x":19.957471579236085,"y":77.86221065607535,"fontSize":10,"height":20,"verticalAlign":"middle","width":80,"zIndex":32810,"textAlign":"center","color":"#000000","backgroundColor":"#ffffff","textDecoration":"none","fontFamily":"Arial","fontStyle":"normal","fontWeight":"normal","borderWidth":1,"drawAs":"rect","lineHeight":1.1,"overflow":"hidden","textOverflow":"clip","whiteSpace":"pre","padding":8,"type":["DataNode","SingleFreeNode","GeneProduct"],"kaavioType":"SingleFreeNode","gpmlElementName":"DataNode","isPartOf":"pvjsgeneratedidfefb8"},"e4aea":{"id":"e4aea","textContent":"GeneProduct","wpType":"GeneProduct","x":12,"y":12,"fontSize":10,"height":20,"verticalAlign":"middle","width":80,"zIndex":32811,"textAlign":"center","color":"#000000","backgroundColor":"#ffffff","textDecoration":"none","fontFamily":"Arial","fontStyle":"normal","fontWeight":"normal","borderWidth":1,"drawAs":"rect","lineHeight":1.1,"overflow":"hidden","textOverflow":"clip","whiteSpace":"pre","padding":8,"type":["DataNode","SingleFreeNode","GeneProduct"],"kaavioType":"SingleFreeNode","gpmlElementName":"DataNode","burrs":["d1f50"],"isPartOf":"pvjsgeneratedidfefb7"},"e044d":{"id":"e044d","textContent":"GeneProduct","wpType":"GeneProduct","x":14.588344062458077,"y":64.43939186412939,"fontSize":10,"height":20,"verticalAlign":"middle","width":80,"zIndex":32813,"textAlign":"center","color":"#000000","backgroundColor":"#ffffff","textDecoration":"none","fontFamily":"Arial","fontStyle":"normal","fontWeight":"normal","borderWidth":1,"drawAs":"rect","lineHeight":1.1,"overflow":"hidden","textOverflow":"clip","whiteSpace":"pre","padding":8,"type":["DataNode","SingleFreeNode","GeneProduct"],"kaavioType":"SingleFreeNode","gpmlElementName":"DataNode","isPartOf":"pvjsgeneratedidfefb7"},"publicationXrefb4b":{"id":"publicationXrefb4b","dbId":"52334","dbConventionalName":"PubMed","standardName":"Two IgG1 (IgF) subclasses in mice: presence in normal serum and representation within lymphocyte and plasma cell populations.","source":"Ann Immunol (Paris)","year":1975,"authors":["Stanislawski M","Mitard M"],"type":["PublicationXref"],"gpmlElementName":"PublicationXref","textContent":"1"},"publicationXrefa93":{"id":"publicationXrefa93","dbId":"2344","dbConventionalName":"PubMed","standardName":"[Study of the osmotic behaviour of human platelets].","source":"Biomedicine","year":1975,"authors":["Vigneron C","Stoltz JF","Alexandre P","Streiff F"],"type":["PublicationXref"],"gpmlElementName":"PublicationXref","textContent":"2"},"publicationXrefa54":{"id":"publicationXrefa54","dbId":"214","dbConventionalName":"PubMed","standardName":"Multiple endocrine adenomatosis-I and II.","source":"Curr Probl Surg","year":1975,"authors":["Harrison TS","Thompson NW"],"type":["PublicationXref"],"gpmlElementName":"PublicationXref","textContent":"3"},"publicationXrefc70":{"id":"publicationXrefc70","dbId":"6542","dbConventionalName":"PubMed","type":["PublicationXref"],"gpmlElementName":"PublicationXref","textContent":"4"},"e4e86":{"id":"e4e86","isAttachedTo":"babfd","comments":[{"content":"part of complex"}],"height":57.817489473766,"attachmentDisplay":{"position":[0,0],"offset":[0,0]},"drawAs":"Ellipse","width":57.90140384486358,"color":"#000000","backgroundColor":"#ffffff","borderWidth":1,"textAlign":"center","padding":1,"fontSize":10,"verticalAlign":"middle","stateType":"Unknown","type":["State","Burr"],"kaavioType":"Burr","gpmlElementName":"State"},"d1f50":{"id":"d1f50","isAttachedTo":"e4aea","comments":[{"content":"not part of complex"}],"height":37.11164385432835,"attachmentDisplay":{"position":[0,0],"offset":[0,0]},"drawAs":"Ellipse","width":43.01204819277177,"color":"#000000","backgroundColor":"#ffffff","borderWidth":1,"textAlign":"center","padding":1,"fontSize":10,"verticalAlign":"middle","stateType":"Unknown","type":["State","Burr"],"kaavioType":"Burr","gpmlElementName":"State"},"id19b2180":{"id":"id19b2180","drawAs":"ElbowLine","borderWidth":1,"zIndex":12288,"points":[{"isAttachedTo":"d4258","attachmentDisplay":{"position":[0.5,1],"offset":[0,0]},"x":140.38748522399365,"y":249.20976808392652,"orientation":[0,1]},{"y":269.2097680839265,"x":212.5458175785297},{"x":284.70414993306576,"y":205.53527226150808},{"isAttachedTo":"cb201","attachmentDisplay":{"position":[0,0.5],"offset":[0,0]},"x":304.70414993306576,"y":141.86077643908965,"orientation":[1,0]}],"color":"#000000","type":["Interaction","Edge"],"kaavioType":"Edge","gpmlElementName":"Interaction","markerEnd":"Arrow","isAttachedTo":["d4258","cb201"]},"id566582d6":{"id":"id566582d6","borderWidth":1,"zIndex":12288,"points":[{"isAttachedTo":"bec0b","attachmentDisplay":{"position":[0.75,1],"offset":[0,0]},"x":650.1030789825974,"y":48.111111111111086,"orientation":[0,1]},{"isAttachedTo":"e27a4","attachmentDisplay":{"position":[0.75,0],"offset":[0,0]},"x":669.5542168674701,"y":93.07764390896926,"orientation":[0,1]}],"color":"#000000","drawAs":"StraightLine","type":["GraphicalLine","Edge"],"kaavioType":"Edge","gpmlElementName":"GraphicalLine","isAttachedTo":["bec0b","e27a4"]},"id4a5d9e1":{"id":"id4a5d9e1","drawAs":"ElbowLine","borderWidth":1,"zIndex":12288,"points":[{"isAttachedTo":"c6681","attachmentDisplay":{"position":[0.5,1],"offset":[0,0]},"x":355.38152610441784,"y":124.41767068273089,"orientation":[0,1]},{"y":144.4176706827309,"x":472.467871485944},{"x":589.5542168674701,"y":123.74765729585008},{"isAttachedTo":"e27a4","attachmentDisplay":{"position":[0,0.5],"offset":[0,0]},"x":609.5542168674701,"y":103.07764390896926,"orientation":[1,0]}],"color":"#000000","type":["Interaction","Edge"],"kaavioType":"Edge","gpmlElementName":"Interaction","markerEnd":"Arrow","isAttachedTo":["c6681","e27a4"],"burrs":["bc907"]},"bc907":{"id":"bc907","attachmentDisplay":{"position":[0.4,0],"offset":[0,0]},"drawAs":"none","isAttachedTo":"id4a5d9e1","borderWidth":0,"height":0,"width":0,"zIndex":12288,"type":["Anchor","Burr"],"kaavioType":"Burr","gpmlElementName":"Anchor"},"idcecadf02":{"id":"idcecadf02","drawAs":"CurvedLine","borderWidth":1,"zIndex":12288,"points":[{"isAttachedTo":"fa2a3","attachmentDisplay":{"position":[1,0.25],"offset":[0,0]},"x":701.5542168674701,"y":65.75203089791876,"orientation":[1,0]},{"isAttachedTo":"a2c9b","attachmentDisplay":{"position":[0.75,0],"offset":[0,0]},"x":722.5907837165223,"y":324.5244602571362,"orientation":[0,1]}],"color":"#000000","type":["Interaction","Edge"],"kaavioType":"Edge","gpmlElementName":"Interaction","markerStart":"MimCatalysis","markerEnd":"Arrow","isAttachedTo":["fa2a3","a2c9b"]},"id82d0ad08":{"id":"id82d0ad08","drawAs":"SegmentedLine","strokeDasharray":"5,3","borderWidth":1,"zIndex":12288,"points":[{"isAttachedTo":"a2c9b","attachmentDisplay":{"position":[0,0.75],"offset":[0,0]},"x":647.5787355237512,"y":392.68911889167407,"orientation":[-1,0]},{"x":622.8187919463087,"y":448.32214765100673},{"x":502.0134228187919,"y":430.8724832214765},{"isAttachedTo":"fabb3","attachmentDisplay":{"position":[0.5,1],"offset":[0,0]},"x":406.5889309634092,"y":392.67125143937824,"orientation":[0,-1]}],"color":"#000000","type":["Interaction","Edge"],"kaavioType":"Edge","gpmlElementName":"Interaction","markerEnd":"Arrow","isAttachedTo":["a2c9b","fabb3"]},"id3bea2e99":{"id":"id3bea2e99","borderWidth":1,"zIndex":12288,"points":[{"isAttachedTo":"fabb3","attachmentDisplay":{"position":[0,0.25],"offset":[0,0]},"x":247.72910010997137,"y":313.6041698780019,"orientation":[-1,0]},{"isAttachedTo":"c5880","attachmentDisplay":{"position":[1,0.25],"offset":[0,0]},"x":128.12362649703965,"y":326.2907754240106,"orientation":[-1,0]}],"color":"#000000","drawAs":"StraightLine","type":["Interaction","Edge"],"kaavioType":"Edge","gpmlElementName":"Interaction","markerEnd":"Arrow","isAttachedTo":["fabb3","c5880"],"burrs":["b7b77"]},"b7b77":{"id":"b7b77","attachmentDisplay":{"position":[0.4,0],"offset":[0,0]},"drawAs":"none","isAttachedTo":"id3bea2e99","borderWidth":0,"height":0,"width":0,"zIndex":12288,"type":["Anchor","Burr"],"kaavioType":"Burr","gpmlElementName":"Anchor"},"id227e10ee":{"id":"id227e10ee","borderWidth":1,"zIndex":12288,"points":[{"isAttachedTo":"bec0b","attachmentDisplay":{"position":[0.25,1],"offset":[0,0]},"x":610.1030789825974,"y":48.111111111111086,"orientation":[0,1]},{"isAttachedTo":"e27a4","attachmentDisplay":{"position":[0.25,0],"offset":[0,0]},"x":629.5542168674701,"y":93.07764390896926,"orientation":[0,1]}],"color":"#000000","drawAs":"StraightLine","type":["Interaction","Edge"],"kaavioType":"Edge","gpmlElementName":"Interaction","markerEnd":"Arrow","isAttachedTo":["bec0b","e27a4"],"burrs":["a76fa"]},"a76fa":{"id":"a76fa","attachmentDisplay":{"position":[0.4,0],"offset":[0,0]},"drawAs":"none","isAttachedTo":"id227e10ee","borderWidth":0,"height":0,"width":0,"zIndex":12288,"type":["Anchor","Burr"],"kaavioType":"Burr","gpmlElementName":"Anchor"},"id6eb5a3e3":{"id":"id6eb5a3e3","borderWidth":1,"zIndex":12288,"points":[{"isAttachedTo":"a76fa","attachmentDisplay":{"position":[0.4,0],"offset":[],"relativeOffset":[0,0]},"x":617.8835341365465,"y":66.09772423025436,"orientation":[]},{"isAttachedTo":"e27a4","attachmentDisplay":{"position":[0.5,0],"offset":[0,0]},"x":649.5542168674701,"y":93.07764390896926,"orientation":[0,1]}],"color":"#000000","drawAs":"StraightLine","type":["Interaction","Edge"],"kaavioType":"Edge","gpmlElementName":"Interaction","markerEnd":"Arrow","isAttachedTo":["id227e10ee","e27a4"]},"id61b7bfc2":{"id":"id61b7bfc2","borderWidth":1,"zIndex":12288,"points":[{"isAttachedTo":"bc907","attachmentDisplay":{"position":[0.4,0],"offset":[],"relativeOffset":[0,0]},"x":461.5866131191434,"y":144.4176706827309,"orientation":[]},{"isAttachedTo":"a76fa","attachmentDisplay":{"position":[0.4,0],"offset":[],"relativeOffset":[0,0]},"x":617.8835341365465,"y":66.09772423025436,"orientation":[]}],"color":"#000000","drawAs":"StraightLine","type":["Interaction","Edge"],"kaavioType":"Edge","gpmlElementName":"Interaction","markerEnd":"Arrow","isAttachedTo":["id4a5d9e1","id227e10ee"]},"idb9b88b35":{"id":"idb9b88b35","borderWidth":1,"zIndex":12288,"points":[{"x":18,"y":12},{"x":12,"y":63.00000000000017}],"color":"#000000","drawAs":"StraightLine","type":["Interaction","Edge"],"kaavioType":"Edge","gpmlElementName":"Interaction","markerEnd":"MimConversion","isPartOf":"pvjsgeneratedidfefb6"},"id902d27d":{"id":"id902d27d","borderWidth":1,"zIndex":12288,"points":[{"isAttachedTo":"b7b77","attachmentDisplay":{"position":[0.4,0],"offset":[],"relativeOffset":[0,0]},"x":199.88691066479868,"y":318.6788120964054,"orientation":[]},{"isAttachedTo":"a9133","attachmentDisplay":{"position":[0.5,0],"offset":[0,0]},"x":198.29384652704832,"y":406.6396862618257,"orientation":[0,1]}],"color":"#000000","drawAs":"StraightLine","type":["Interaction","Edge"],"kaavioType":"Edge","gpmlElementName":"Interaction","markerEnd":"Arrow","isAttachedTo":["id3bea2e99","a9133"]},"id16b156e8":{"id":"id16b156e8","borderWidth":1,"zIndex":12288,"points":[{"x":404.0268456375839,"y":53.691275167785236},{"x":0,"y":1}],"color":"#000000","drawAs":"StraightLine","type":["Interaction","Edge"],"kaavioType":"Edge","gpmlElementName":"Interaction","markerEnd":"Arrow"},"pvjsgeneratedidfefb5":{"drawAs":"SegmentedLine","borderWidth":1,"zIndex":12288,"points":[{"isAttachedTo":"f4785","attachmentDisplay":{"position":[0.75,1],"offset":[0,0]},"x":81.2525510204081,"y":83.92857142857142,"orientation":[0,1]},{"x":-95.21517302573217,"y":186.56166814551895},{"isAttachedTo":"fce8d","attachmentDisplay":{"position":[0.25,0],"offset":[0,0]},"x":159.27477133575184,"y":71.96453274999826,"orientation":[0,1]}],"color":"#000000","id":"pvjsgeneratedidfefb5","type":["Interaction","Edge"],"kaavioType":"Edge","gpmlElementName":"Interaction","isAttachedTo":["f4785","fce8d"],"isPartOf":"d4258"},"cb201":{"id":"cb201","textAlign":"center","color":"#808080","verticalAlign":"middle","fontSize":1,"fontWeight":"bold","borderWidth":0,"fillOpacity":0.1,"padding":8,"drawAs":"none","strokeDasharray":"5,3","backgroundColor":"transparent","type":["Group","GroupGroup"],"contains":["c6681","db070"],"kaavioType":"Group","gpmlElementName":"Group","zIndex":32770,"x":304.70414993306576,"y":96.41767068273089,"width":98.67737617135208,"height":90.88621151271755},"fa2a3":{"id":"fa2a3","textAlign":"center","color":"#808080","verticalAlign":"middle","fontSize":1,"fontWeight":"bold","borderWidth":1,"fillOpacity":0.1,"padding":11,"backgroundColor":"#b4b464","type":["Group","Complex","GroupComplex"],"contains":["cac2a","e27a4","bec0b"],"kaavioType":"Group","gpmlElementName":"Group","zIndex":32768,"x":578.1030789825974,"y":16.111111111111086,"width":123.45113788487276,"height":198.5636791472307},"a2c9b":{"id":"a2c9b","textAlign":"center","color":"#808080","verticalAlign":"middle","fontSize":1,"fontWeight":"bold","borderWidth":0.5,"fillOpacity":0.1,"padding":8,"drawAs":"rect","strokeDasharray":"5,3","backgroundColor":"#00ff00","type":["Group","Pathway","GroupPathway"],"contains":["ba3c6","ed434"],"kaavioType":"Group","gpmlElementName":"Group","zIndex":32768,"x":647.0787355237512,"y":324.0244602571362,"width":101.01606425702823,"height":91.88621151271724},"fabb3":{"id":"fabb3","textContent":"This is a pathway","comments":[{"content":"a comment here"},{"content":"Type your comment here"}],"citations":["publicationXrefa54"],"textAlign":"center","color":"#808080","verticalAlign":"middle","fontSize":1,"fontWeight":"bold","borderWidth":0.5,"fillOpacity":0.1,"padding":8,"drawAs":"rect","strokeDasharray":"5,3","backgroundColor":"#00ff00","type":["Group","Pathway","GroupPathway"],"contains":["f3866","c43c2"],"kaavioType":"Group","gpmlElementName":"Group","zIndex":32768,"x":247.2291001099714,"y":286.74847602420977,"width":318.7196617068757,"height":106.42277541516847},"c5880":{"id":"c5880","textAlign":"center","color":"#808080","verticalAlign":"middle","fontSize":1,"fontWeight":"bold","borderWidth":1,"fillOpacity":0.1,"padding":8,"drawAs":"rect","strokeDasharray":"5,3","backgroundColor":"#b4b464","type":["Group","GroupNone"],"contains":["fefb4","c6399","a0980"],"kaavioType":"Group","gpmlElementName":"Group","zIndex":32768,"x":15.059369468927201,"y":298.713738497838,"width":114.06425702811245,"height":108.30814770469021},"pvjsgeneratedidfefb6":{"textAlign":"center","color":"#808080","verticalAlign":"middle","fontSize":1,"fontWeight":"bold","borderWidth":1,"fillOpacity":0.1,"padding":11,"backgroundColor":"#b4b464","type":["Group","Complex","GroupComplex"],"contains":["idb9b88b35"],"id":"pvjsgeneratedidfefb6","kaavioType":"Group","gpmlElementName":"Group","zIndex":12288,"x":437.06024096385545,"y":24.614457831325083,"width":30,"height":75.00000000000017},"a9133":{"id":"a9133","textAlign":"center","color":"#808080","verticalAlign":"middle","fontSize":1,"fontWeight":"bold","borderWidth":1,"fillOpacity":0.1,"padding":11,"backgroundColor":"#b4b464","type":["Group","Complex","GroupComplex"],"contains":["cab1d"],"kaavioType":"Group","gpmlElementName":"Group","zIndex":32768,"x":146.29384652704832,"y":406.6396862618257,"width":104,"height":44},"pvjsgeneratedidfefb7":{"textAlign":"center","color":"#808080","verticalAlign":"middle","fontSize":1,"fontWeight":"bold","borderWidth":1,"fillOpacity":0.1,"padding":11,"backgroundColor":"#b4b464","type":["Group","Complex","GroupComplex"],"contains":["e4aea","e044d"],"id":"pvjsgeneratedidfefb7","kaavioType":"Group","gpmlElementName":"Group","zIndex":32811,"x":740.905110374385,"y":173.1815745839582,"width":106.58834406245808,"height":96.43939186412939},"pvjsgeneratedidfefb8":{"comments":[{"content":"State was set to be part of complex, and it appears that way when initially drawn in PV-Java, but when pathway is closed and re-opened in PV-Java, the state does not visually appear to be part of the complex."}],"textAlign":"center","color":"#808080","verticalAlign":"middle","fontSize":1,"fontWeight":"bold","borderWidth":1,"fillOpacity":0.1,"padding":11,"backgroundColor":"#b4b464","type":["Group","Complex","GroupComplex"],"contains":["babfd","c22bd"],"id":"pvjsgeneratedidfefb8","kaavioType":"Group","gpmlElementName":"Group","zIndex":32768,"x":744.8377619504182,"y":29.23784413094161,"width":111.95747157923608,"height":109.86221065607535},"d4258":{"id":"d4258","textAlign":"center","color":"#808080","verticalAlign":"middle","fontSize":1,"fontWeight":"bold","borderWidth":1,"fillOpacity":0.1,"padding":11,"backgroundColor":"#b4b464","type":["Group","Complex","GroupComplex"],"contains":["pvjsgeneratedidfefb5","f4785","fce8d"],"kaavioType":"Group","gpmlElementName":"Group","zIndex":12288,"x":9.34207038890159,"y":46.10999650829175,"width":248.97378914924116,"height":184.53112525011312}}}
