{"pathway":{"@context":["https://cdn.rawgit.com/wikipathways/WpVocabularies/7a46a05/contexts/pvjs.jsonld"],"backgroundColor":"white","borderWidth":0,"color":"black","contains":["idaf905386","id28382a1c","idc088e267"],"drawAs":"rect","gpmlElementName":"Pathway","height":222.47894511414458,"kaavioType":"Group","name":"test case","padding":5,"type":["Pathway"],"width":308.97388914338075,"x":0,"y":0,"zIndex":0,"fontSize":12,"fontWeight":"bold","textAlign":"left","verticalAlign":"top","dataSourceVersion":"20130715","standardName":"test case","displayName":"test case","textContent":"Name: test case","isSimilarTo":"http://wikipathways.org/index.php/Special:SearchPathways?query=test%20case&doSearch=1","id":"hash://sha256/d9bc698b38aca6de4e8ec23637dd95dd5ff163d2d32f782e136e9a3eb2bce3c2"},"entityMap":{"idaf905386":{"id":"idaf905386","borderWidth":1,"zIndex":12288,"points":[{"x":90.92744437969687,"y":78.0748490898938},{"x":278.97388914338075,"y":78.3325698579936}],"color":"#000000","drawAs":"StraightLine","type":["Interaction","Edge"],"kaavioType":"Edge","gpmlElementName":"Interaction","burrs":["e0874","a67c1"]},"e0874":{"id":"e0874","attachmentDisplay":{"position":[0.09380500038409093,0],"offset":[0,0]},"drawAs":"none","isAttachedTo":"idaf905386","borderWidth":0,"height":0,"width":0,"zIndex":12288,"type":["Anchor","Burr"],"kaavioType":"Burr","gpmlElementName":"Anchor"},"a67c1":{"id":"a67c1","attachmentDisplay":{"position":[0.9220507933786898,0],"offset":[0,0]},"drawAs":"none","isAttachedTo":"idaf905386","borderWidth":0,"height":0,"width":0,"zIndex":12288,"type":["Anchor","Burr"],"kaavioType":"Burr","gpmlElementName":"Anchor"},"id28382a1c":{"id":"id28382a1c","borderWidth":1,"zIndex":12288,"points":[{"x":175.1244935731248,"y":192.47894511414458},{"isAttachedTo":"e0874","attachmentDisplay":{"position":[0.09380500038409093,0],"offset":[],"relativeOffset":[0,0]},"x":108.56714120298116,"y":78.09902458664439,"orientation":[]}],"color":"#000000","drawAs":"StraightLine","type":["Interaction","Edge"],"kaavioType":"Edge","gpmlElementName":"Interaction","markerEnd":"MimCatalysis","isAttachedTo":["idaf905386"],"burrs":["f4b98"]},"f4b98":{"id":"f4b98","attachmentDisplay":{"position":[0.09919868499280665,0],"offset":[0,0]},"drawAs":"none","isAttachedTo":"id28382a1c","borderWidth":0,"height":0,"width":0,"zIndex":12288,"type":["Anchor","Burr"],"kaavioType":"Burr","gpmlElementName":"Anchor"},"idc088e267":{"id":"idc088e267","borderWidth":1,"zIndex":12288,"points":[{"isAttachedTo":"a67c1","attachmentDisplay":{"position":[0.9220507933786898,0],"offset":[],"relativeOffset":[0,0]},"x":264.31581796609356,"y":78.31248072859039,"orientation":[]},{"isAttachedTo":"f4b98","attachmentDisplay":{"position":[0.09919868499280665,0],"offset":[],"relativeOffset":[0,0]},"x":168.52209174140367,"y":181.13260740823483,"orientation":[]}],"color":"#000000","drawAs":"StraightLine","type":["Interaction","Edge"],"kaavioType":"Edge","gpmlElementName":"Interaction","markerEnd":"MimInhibition","isAttachedTo":["idaf905386","id28382a1c"]}}}
