{"pathway":{"@context":["https://cdn.rawgit.com/wikipathways/WpVocabularies/7a46a05/contexts/pvjs.jsonld"],"backgroundColor":"white","borderWidth":0,"color":"black","contains":["idaf905386","id28382a1c","faa53"],"drawAs":"rect","gpmlElementName":"Pathway","height":198.66442199775517,"kaavioType":"Group","name":"test case","padding":5,"type":["Pathway"],"width":233.44556677890117,"x":0,"y":0,"zIndex":0,"fontSize":12,"fontWeight":"bold","textAlign":"left","verticalAlign":"top","dataSourceVersion":"20130715","standardName":"test case","displayName":"test case","textContent":"Name: test case","isSimilarTo":"http://wikipathways.org/index.php/Special:SearchPathways?query=test%20case&doSearch=1","id":"hash://sha256/ef87868a5d82084e1d74ee5d3a73189046235d562ae73d78d297fa55a3bf4951"},"entityMap":{"faa53":{"id":"faa53","textContent":"GeneProduct","wpType":"GeneProduct","x":123.44556677890117,"y":148.66442199775517,"fontSize":10,"height":20,"verticalAlign":"middle","width":80,"zIndex":32768,"textAlign":"center","color":"#000000","backgroundColor":"#ffffff","textDecoration":"none","fontFamily":"Arial","fontStyle":"normal","fontWeight":"normal","borderWidth":1,"drawAs":"rect","lineHeight":1.1,"overflow":"hidden","textOverflow":"clip","whiteSpace":"pre","padding":8,"type":["DataNode","SingleFreeNode","GeneProduct"],"kaavioType":"SingleFreeNode","gpmlElementName":"DataNode"},"idaf905386":{"id":"idaf905386","drawAs":"CurvedLine","borderWidth":1,"zIndex":12288,"points":[{"x":30.452674897119397,"y":66.6666666666666,"orientation":[-1,0]},{"x":10.452674897119397,"y":77.42424242424238},{"x":95.22633744855968,"y":88.18181818181817},{"x":179.99999999999997,"y":77.42424242424238},{"x":163.78600823045275,"y":66.66666666666659,"orientation":[-1,0]}],"color":"#000000","type":["Interaction","Edge"],"kaavioType":"Edge","gpmlElementName":"Interaction","burrs":["e0874"]},"e0874":{"id":"e0874","attachmentDisplay":{"position":[0.5617283950617287,0],"offset":[0,0]},"drawAs":"none","isAttachedTo":"idaf905386","borderWidth":0,"height":0,"width":0,"zIndex":12288,"type":["Anchor","Burr"],"kaavioType":"Burr","gpmlElementName":"Anchor"},"id28382a1c":{"id":"id28382a1c","drawAs":"CurvedLine","borderWidth":1,"zIndex":12288,"points":[{"isAttachedTo":"faa53","attachmentDisplay":{"position":[0.5,0],"offset":[0,0]},"x":163.44556677890117,"y":148.66442199775517,"orientation":[0,-1]},{"x":135.3787803864377,"y":128.66442199775517},{"isAttachedTo":"e0874","attachmentDisplay":{"position":[0.5617283950617287,0],"offset":[],"relativeOffset":[0,0]},"x":107.31199399397426,"y":88.03521680709882,"orientation":[0,-1]}],"color":"#000000","type":["Interaction","Edge"],"kaavioType":"Edge","gpmlElementName":"Interaction","markerEnd":"MimCatalysis","isAttachedTo":["faa53","idaf905386"]}}}
