{"pathway":{"@context":["https://cdn.rawgit.com/wikipathways/WpVocabularies/7a46a05/contexts/pvjs.jsonld"],"backgroundColor":"white","borderWidth":0,"color":"black","contains":["a2634","ida4253087","c3c6b","dd739","be454","e532a","d3028","bfd1a","adb08","a2ef2","d02d4","c1f99","c7056","d82f8","b558b","cd893","c8f4e","a9da6","id2603411f","idacc3128f","bea09","ab5","a27","e2a","a69","ea5","afe","f01","d6e","f74","dfe","e42","d2e","ca8","cc9","baec0","dfde2","ddaf4","b909c","d74e5","abb02"],"drawAs":"rect","gpmlElementName":"Pathway","height":621.8666666666666,"kaavioType":"Group","name":"Acetylcholine Synthesis","padding":5,"type":["Pathway","http://identifiers.org/pw/PW:0000408"],"width":829.0515247108307,"x":0,"y":0,"zIndex":0,"fontSize":12,"fontWeight":"bold","textAlign":"left","verticalAlign":"top","comments":[{"source":"GenMAPP notes"},{"source":"GenMAPP remarks"},{"source":"WikiPathways-category","content":"Metabolic Process"},{"source":"WikiPathways-description","content":"Acetylcholine is an important neurotransmitter. It can be rapidly released in the synaptic cleft upon activation of the neuron. In the synaptic cleft the compound is degraded rapidly into choline and acetate, this is essential for proper neuronal functioning. Choline and Acetate are taken up into the cytosol and recycled for the next activation."}],"organism":"Homo sapiens","standardName":"Acetylcholine Synthesis","displayName":"Acetylcholine Synthesis","textContent":"Name: Acetylcholine Synthesis\nOrganism: Homo sapiens","isSimilarTo":"http://wikipathways.org/index.php/Special:SearchPathways?query=Acetylcholine%20Synthesis&species=Homo%20sapiens&doSearch=1","id":"hash://sha256/bbea656053cafb9612bbe6ef717f4f72faf84e0585404c0ceb0f6263d70c79d5"},"entityMap":{"ba5":{"textContent":"PDHA1","id":"ba5","wpType":"GeneProduct","backpageHead":"PDHA1 | pyruvate dehydrogenase (lipoamide) alph...","x":9,"y":9,"width":60,"height":20,"zIndex":32768,"fontSize":10,"verticalAlign":"middle","textAlign":"center","color":"#000000","backgroundColor":"#ffffff","textDecoration":"none","fontFamily":"Arial","fontStyle":"normal","fontWeight":"normal","borderWidth":1,"drawAs":"rect","lineHeight":1.1,"overflow":"hidden","textOverflow":"clip","whiteSpace":"pre","padding":8,"dbConventionalName":"Entrez Gene","dbId":"5160","type":["DataNode","SingleFreeNode","GeneProduct"],"kaavioType":"SingleFreeNode","gpmlElementName":"DataNode","isPartOf":"d74e5"},"ab5":{"textContent":"*Cytosol*","id":"ab5","x":431.8333333333333,"y":463.8666666666667,"width":76.33333333333333,"height":19,"zIndex":28672,"backgroundColor":"transparent","fontWeight":"bold","fontSize":12,"verticalAlign":"middle","textAlign":"center","color":"#000000","textDecoration":"none","fontFamily":"Arial","fontStyle":"normal","borderWidth":0,"drawAs":"none","lineHeight":1.1,"overflow":"hidden","textOverflow":"clip","whiteSpace":"pre","padding":8,"type":["Label","SingleFreeNode"],"kaavioType":"SingleFreeNode","gpmlElementName":"Label"},"a93":{"textContent":"PDHA2","id":"a93","wpType":"GeneProduct","backpageHead":"PDHA2 | pyruvate dehydrogenase (lipoamide) alph...","x":9,"y":29,"width":60,"height":20,"zIndex":32768,"fontSize":10,"verticalAlign":"middle","textAlign":"center","color":"#000000","backgroundColor":"#ffffff","textDecoration":"none","fontFamily":"Arial","fontStyle":"normal","fontWeight":"normal","borderWidth":1,"drawAs":"rect","lineHeight":1.1,"overflow":"hidden","textOverflow":"clip","whiteSpace":"pre","padding":8,"dbConventionalName":"Entrez Gene","dbId":"5161","type":["DataNode","SingleFreeNode","GeneProduct"],"kaavioType":"SingleFreeNode","gpmlElementName":"DataNode","isPartOf":"d74e5"},"a27":{"textContent":"*Synaptic Cleft*","id":"a27","x":425.35751840168246,"y":496.1484752891693,"width":123.33333333333333,"height":19,"zIndex":28672,"backgroundColor":"transparent","fontWeight":"bold","fontSize":12,"verticalAlign":"middle","textAlign":"center","color":"#000000","textDecoration":"none","fontFamily":"Arial","fontStyle":"normal","borderWidth":0,"drawAs":"none","lineHeight":1.1,"overflow":"hidden","textOverflow":"clip","whiteSpace":"pre","padding":8,"type":["Label","SingleFreeNode"],"kaavioType":"SingleFreeNode","gpmlElementName":"Label"},"e2a":{"textContent":"PEMT","id":"e2a","wpType":"GeneProduct","backpageHead":"PEMT | phosphatidylethanolamine N-methyltransfe...","x":311.18717139852833,"y":118.46971608832806,"width":60,"height":20,"zIndex":32768,"fontSize":10,"verticalAlign":"middle","textAlign":"center","color":"#000000","backgroundColor":"#ffffff","textDecoration":"none","fontFamily":"Arial","fontStyle":"normal","fontWeight":"normal","borderWidth":1,"drawAs":"rect","lineHeight":1.1,"overflow":"hidden","textOverflow":"clip","whiteSpace":"pre","padding":8,"dbConventionalName":"Entrez Gene","dbId":"10400","type":["DataNode","SingleFreeNode","GeneProduct"],"kaavioType":"SingleFreeNode","gpmlElementName":"DataNode"},"a69":{"textContent":"PCYT1A","id":"a69","wpType":"GeneProduct","backpageHead":"PCYT1A | phosphate cytidylyltransferase 1 chol...","x":626.9484752891697,"y":190.46971608832808,"width":60,"height":20,"zIndex":32768,"fontSize":10,"verticalAlign":"middle","textAlign":"center","color":"#000000","backgroundColor":"#ffffff","textDecoration":"none","fontFamily":"Arial","fontStyle":"normal","fontWeight":"normal","borderWidth":1,"drawAs":"rect","lineHeight":1.1,"overflow":"hidden","textOverflow":"clip","whiteSpace":"pre","padding":8,"dbConventionalName":"Entrez Gene","dbId":"5130","type":["DataNode","SingleFreeNode","GeneProduct"],"kaavioType":"SingleFreeNode","gpmlElementName":"DataNode"},"ea5":{"textContent":"CHKA","id":"ea5","wpType":"GeneProduct","backpageHead":"CHKA | choline kinase alpha","x":556.4395373291269,"y":413.4518401682442,"width":60,"height":20,"zIndex":32768,"fontSize":10,"verticalAlign":"middle","textAlign":"center","color":"#000000","backgroundColor":"#ffffff","textDecoration":"none","fontFamily":"Arial","fontStyle":"normal","fontWeight":"normal","borderWidth":1,"drawAs":"rect","lineHeight":1.1,"overflow":"hidden","textOverflow":"clip","whiteSpace":"pre","padding":8,"dbConventionalName":"Entrez Gene","dbId":"1119","type":["DataNode","SingleFreeNode","GeneProduct"],"kaavioType":"SingleFreeNode","gpmlElementName":"DataNode"},"afe":{"textContent":"ACHE","id":"afe","wpType":"GeneProduct","backpageHead":"ACHE | acetylcholinesterase (YT blood group)","x":287.0546792849631,"y":507.136382754995,"width":60,"height":20,"zIndex":32768,"fontSize":10,"verticalAlign":"middle","textAlign":"center","color":"#000000","backgroundColor":"#ffffff","textDecoration":"none","fontFamily":"Arial","fontStyle":"normal","fontWeight":"normal","borderWidth":1,"drawAs":"rect","lineHeight":1.1,"overflow":"hidden","textOverflow":"clip","whiteSpace":"pre","padding":8,"dbConventionalName":"Entrez Gene","dbId":"43","type":["DataNode","SingleFreeNode","GeneProduct"],"kaavioType":"SingleFreeNode","gpmlElementName":"DataNode"},"f01":{"textContent":"CHAT","id":"f01","wpType":"GeneProduct","backpageHead":"CHAT | choline acetyltransferase","x":277.43638275499467,"y":382.315141955836,"width":60,"height":20,"zIndex":32768,"fontSize":10,"verticalAlign":"middle","textAlign":"center","color":"#000000","backgroundColor":"#ffffff","textDecoration":"none","fontFamily":"Arial","fontStyle":"normal","fontWeight":"normal","borderWidth":1,"drawAs":"rect","lineHeight":1.1,"overflow":"hidden","textOverflow":"clip","whiteSpace":"pre","padding":8,"dbConventionalName":"Entrez Gene","dbId":"1103","type":["DataNode","SingleFreeNode","GeneProduct"],"kaavioType":"SingleFreeNode","gpmlElementName":"DataNode"},"d6e":{"textContent":"Glycerophosphocholine","id":"d6e","wpType":"Metabolite","x":352.0515247108307,"y":244.86666666666667,"width":132,"height":19,"zIndex":32768,"fontSize":10,"verticalAlign":"middle","color":"#0000ff","textAlign":"center","backgroundColor":"#ffffff","textDecoration":"none","fontFamily":"Arial","fontStyle":"normal","fontWeight":"normal","borderWidth":1,"drawAs":"rect","lineHeight":1.1,"overflow":"hidden","textOverflow":"clip","whiteSpace":"pre","padding":8,"dbConventionalName":"CAS","dbId":"28319-77-9","type":["DataNode","SingleFreeNode","Metabolite"],"kaavioType":"SingleFreeNode","gpmlElementName":"DataNode"},"f74":{"textContent":"Choline","id":"f74","wpType":"Metabolite","x":386.26971608832804,"y":320.86666666666673,"width":64.33333333333333,"height":19,"zIndex":32768,"fontSize":10,"verticalAlign":"middle","color":"#0000ff","textAlign":"center","backgroundColor":"#ffffff","textDecoration":"none","fontFamily":"Arial","fontStyle":"normal","fontWeight":"normal","borderWidth":1,"drawAs":"rect","lineHeight":1.1,"overflow":"hidden","textOverflow":"clip","whiteSpace":"pre","padding":8,"dbConventionalName":"CAS","dbId":"62-49-7","type":["DataNode","SingleFreeNode","Metabolite"],"kaavioType":"SingleFreeNode","gpmlElementName":"DataNode"},"dfe":{"textContent":"Acetyl CoA","id":"dfe","wpType":"Metabolite","x":70.00000000000009,"y":320.86666666666673,"width":89.33333333333333,"height":19,"zIndex":32768,"fontSize":10,"verticalAlign":"middle","color":"#0000ff","textAlign":"center","backgroundColor":"#ffffff","textDecoration":"none","fontFamily":"Arial","fontStyle":"normal","fontWeight":"normal","borderWidth":1,"drawAs":"rect","lineHeight":1.1,"overflow":"hidden","textOverflow":"clip","whiteSpace":"pre","padding":8,"dbConventionalName":"CAS","dbId":"72-89-9","type":["DataNode","SingleFreeNode","Metabolite"],"kaavioType":"SingleFreeNode","gpmlElementName":"DataNode"},"e42":{"textContent":"Acetate","id":"e42","wpType":"Metabolite","x":83.5515247108307,"y":572.8666666666666,"width":62.333333333333336,"height":19,"zIndex":32768,"fontSize":10,"verticalAlign":"middle","color":"#0000ff","textAlign":"center","backgroundColor":"#ffffff","textDecoration":"none","fontFamily":"Arial","fontStyle":"normal","fontWeight":"normal","borderWidth":1,"drawAs":"rect","lineHeight":1.1,"overflow":"hidden","textOverflow":"clip","whiteSpace":"pre","padding":8,"dbConventionalName":"CAS","dbId":"64-19-7","type":["DataNode","SingleFreeNode","Metabolite"],"kaavioType":"SingleFreeNode","gpmlElementName":"DataNode"},"d2e":{"textContent":"Choline","id":"d2e","wpType":"Metabolite","x":385.4484752891693,"y":572.8666666666667,"width":64.33333333333333,"height":19,"zIndex":32768,"fontSize":10,"verticalAlign":"middle","color":"#0000ff","textAlign":"center","backgroundColor":"#ffffff","textDecoration":"none","fontFamily":"Arial","fontStyle":"normal","fontWeight":"normal","borderWidth":1,"drawAs":"rect","lineHeight":1.1,"overflow":"hidden","textOverflow":"clip","whiteSpace":"pre","padding":8,"dbConventionalName":"CAS","dbId":"62-49-7","type":["DataNode","SingleFreeNode","Metabolite"],"kaavioType":"SingleFreeNode","gpmlElementName":"DataNode"},"ca8":{"textContent":"Phosphorylcholine","id":"ca8","wpType":"Metabolite","x":667.5515247108307,"y":320.86666666666673,"width":102.5,"height":19,"zIndex":32768,"fontSize":10,"verticalAlign":"middle","color":"#0000ff","textAlign":"center","backgroundColor":"#ffffff","textDecoration":"none","fontFamily":"Arial","fontStyle":"normal","fontWeight":"normal","borderWidth":1,"drawAs":"rect","lineHeight":1.1,"overflow":"hidden","textOverflow":"clip","whiteSpace":"pre","padding":8,"dbConventionalName":"HMDB","dbId":"HMDB01565","type":["DataNode","SingleFreeNode","Metabolite"],"kaavioType":"SingleFreeNode","gpmlElementName":"DataNode"},"cc9":{"textContent":"Acetylcholine","id":"cc9","wpType":"Metabolite","x":215.7818086225026,"y":441.58485804416404,"width":74.16666666666667,"height":19,"zIndex":32768,"fontSize":10,"verticalAlign":"middle","color":"#0000ff","textAlign":"center","backgroundColor":"#ffffff","textDecoration":"none","fontFamily":"Arial","fontStyle":"normal","fontWeight":"normal","borderWidth":1,"drawAs":"rect","lineHeight":1.1,"overflow":"hidden","textOverflow":"clip","whiteSpace":"pre","padding":8,"dbConventionalName":"CAS","dbId":"51-84-3","type":["DataNode","SingleFreeNode","Metabolite"],"kaavioType":"SingleFreeNode","gpmlElementName":"DataNode"},"baec0":{"textContent":"Phosphatidylethanolamine","id":"baec0","wpType":"Metabolite","x":339,"y":80,"width":157,"height":20,"zIndex":32768,"fontSize":10,"verticalAlign":"middle","color":"#0000ff","textAlign":"center","backgroundColor":"#ffffff","textDecoration":"none","fontFamily":"Arial","fontStyle":"normal","fontWeight":"normal","borderWidth":1,"drawAs":"rect","lineHeight":1.1,"overflow":"hidden","textOverflow":"clip","whiteSpace":"pre","padding":8,"dbConventionalName":"HMDB","dbId":"HMDB60501","type":["DataNode","SingleFreeNode","Metabolite"],"kaavioType":"SingleFreeNode","gpmlElementName":"DataNode"},"dfde2":{"textContent":"Pyruvate from Glycolysis","id":"dfde2","wpType":"Metabolite","x":38.051524710830705,"y":193.9484752891693,"width":154,"height":20,"zIndex":32768,"fontSize":10,"verticalAlign":"middle","color":"#0000ff","textAlign":"center","backgroundColor":"#ffffff","textDecoration":"none","fontFamily":"Arial","fontStyle":"normal","fontWeight":"normal","borderWidth":1,"drawAs":"rect","lineHeight":1.1,"overflow":"hidden","textOverflow":"clip","whiteSpace":"pre","padding":8,"dbConventionalName":"HMDB","dbId":"HMDB00243","type":["DataNode","SingleFreeNode","Metabolite"],"kaavioType":"SingleFreeNode","gpmlElementName":"DataNode"},"ddaf4":{"textContent":"Phosphatidylcholine","id":"ddaf4","wpType":"Metabolite","x":355,"y":173,"width":125,"height":20,"zIndex":32768,"fontSize":10,"verticalAlign":"middle","color":"#0000ff","textAlign":"center","backgroundColor":"#ffffff","textDecoration":"none","fontFamily":"Arial","fontStyle":"normal","fontWeight":"normal","borderWidth":1,"drawAs":"rect","lineHeight":1.1,"overflow":"hidden","textOverflow":"clip","whiteSpace":"pre","padding":8,"dbConventionalName":"HMDB","dbId":"HMDB00564","type":["DataNode","SingleFreeNode","Metabolite"],"kaavioType":"SingleFreeNode","gpmlElementName":"DataNode"},"b909c":{"textContent":"Cytidine diphosphate choline","id":"b909c","wpType":"Metabolite","x":638.0515247108307,"y":80.0515247108307,"width":161,"height":20,"zIndex":32768,"fontSize":10,"verticalAlign":"middle","color":"#0000ff","textAlign":"center","backgroundColor":"#ffffff","textDecoration":"none","fontFamily":"Arial","fontStyle":"normal","fontWeight":"normal","borderWidth":1,"drawAs":"rect","lineHeight":1.1,"overflow":"hidden","textOverflow":"clip","whiteSpace":"pre","padding":8,"dbConventionalName":"HMDB","dbId":"HMDB01413","type":["DataNode","SingleFreeNode","Metabolite"],"kaavioType":"SingleFreeNode","gpmlElementName":"DataNode"},"publicationXrefdbc":{"id":"publicationXrefdbc","dbId":"6867732","dbConventionalName":"PubMed","standardName":"Choline and cholinergic neurons.","source":"Science","year":1983,"authors":["Blusztajn JK","Wurtman RJ"],"type":["PublicationXref"],"gpmlElementName":"PublicationXref","textContent":"1"},"http://identifiers.org/pw/PW:0000408":{"term":"acetylcholine metabolic pathway","dbId":"PW:0000408","ontology":"Pathway Ontology","type":["openControlledVocabulary"],"gpmlElementName":"openControlledVocabulary","id":"http://identifiers.org/pw/PW:0000408"},"a2634":{"id":"a2634","zIndex":12288,"borderWidth":1,"points":[{"x":417.5,"y":100,"isAttachedTo":"baec0","attachmentDisplay":{"position":[0.5,1],"offset":[0,0]},"orientation":[0,1]},{"x":417.5,"y":173,"isAttachedTo":"ddaf4","attachmentDisplay":{"position":[0.5,0],"offset":[0,0]},"orientation":[0,1]}],"color":"#000000","drawAs":"StraightLine","type":["Interaction","Edge"],"kaavioType":"Edge","gpmlElementName":"Interaction","markerEnd":"Arrow","isAttachedTo":["baec0","ddaf4"],"burrs":["c7814"]},"c7814":{"attachmentDisplay":{"position":[0.4,0],"offset":[0,0]},"drawAs":"none","id":"c7814","isAttachedTo":"a2634","borderWidth":0,"height":0,"width":0,"zIndex":12288,"type":["Anchor","Burr"],"kaavioType":"Burr","gpmlElementName":"Anchor"},"ida4253087":{"id":"ida4253087","zIndex":12288,"strokeDasharray":"5,3","borderWidth":1,"points":[{"x":50.47318611987416,"y":483.7013669821241},{"x":497.3711882229236,"y":483.7013669821241}],"color":"#000000","drawAs":"StraightLine","type":["GraphicalLine","Edge"],"kaavioType":"Edge","gpmlElementName":"GraphicalLine"},"c3c6b":{"id":"c3c6b","zIndex":12288,"borderWidth":1,"points":[{"x":417.5,"y":193,"isAttachedTo":"ddaf4","attachmentDisplay":{"position":[0.5,1],"offset":[0,0]},"orientation":[0,1]},{"x":418.0515247108307,"y":244.86666666666667,"isAttachedTo":"d6e","attachmentDisplay":{"position":[0.5,0],"offset":[0,0]},"orientation":[0,1]}],"color":"#000000","drawAs":"StraightLine","type":["Interaction","Edge"],"kaavioType":"Edge","gpmlElementName":"Interaction","markerEnd":"Arrow","isAttachedTo":["ddaf4","d6e"]},"abb02":{"id":"abb02","zIndex":32769,"strokeDasharray":"5,3","borderWidth":1,"points":[{"x":52.06098843322886,"y":492.64984227129344},{"x":496.8559411146157,"y":492.64984227129344}],"color":"#000000","drawAs":"StraightLine","type":["GraphicalLine","Edge"],"kaavioType":"Edge","gpmlElementName":"GraphicalLine"},"dd739":{"id":"dd739","zIndex":12288,"borderWidth":1,"points":[{"x":418.0515247108307,"y":263.8666666666667,"isAttachedTo":"d6e","attachmentDisplay":{"position":[0.5,1],"offset":[0,0]},"orientation":[0,1]},{"x":418.4363827549947,"y":320.86666666666673,"isAttachedTo":"f74","attachmentDisplay":{"position":[0.5,0],"offset":[0,0]},"orientation":[0,1]}],"color":"#000000","drawAs":"StraightLine","type":["Interaction","Edge"],"kaavioType":"Edge","gpmlElementName":"Interaction","markerEnd":"Arrow","isAttachedTo":["d6e","f74"]},"be454":{"id":"be454","zIndex":12288,"borderWidth":1,"points":[{"x":114.71819137749738,"y":572.8666666666666,"isAttachedTo":"e42","attachmentDisplay":{"position":[0.5,0],"offset":[0,0]},"orientation":[0,-1]},{"x":114.66666666666676,"y":339.86666666666673,"isAttachedTo":"dfe","attachmentDisplay":{"position":[0.5,1],"offset":[0,0]},"orientation":[0,-1]}],"color":"#000000","drawAs":"StraightLine","type":["Interaction","Edge"],"kaavioType":"Edge","gpmlElementName":"Interaction","markerEnd":"Arrow","isAttachedTo":["e42","dfe"]},"e532a":{"id":"e532a","zIndex":12288,"borderWidth":1,"points":[{"x":638.0515247108307,"y":90.0515247108307,"isAttachedTo":"b909c","attachmentDisplay":{"position":[0,0.5],"offset":[0,0]},"orientation":[-1,0]},{"x":496,"y":90,"isAttachedTo":"baec0","attachmentDisplay":{"position":[1,0.5],"offset":[0,0]},"orientation":[-1,0]}],"color":"#000000","drawAs":"StraightLine","type":["Interaction","Edge"],"kaavioType":"Edge","gpmlElementName":"Interaction","markerEnd":"Arrow","isAttachedTo":["b909c","baec0"]},"d3028":{"id":"d3028","zIndex":12288,"borderWidth":1,"points":[{"x":667.5515247108307,"y":330.36666666666673,"isAttachedTo":"ca8","attachmentDisplay":{"position":[0,0.5],"offset":[0,0]},"orientation":[-1,0]},{"x":450.60304942166135,"y":330.36666666666673,"isAttachedTo":"f74","attachmentDisplay":{"position":[1,0.5],"offset":[0,0]},"orientation":[-1,0]}],"color":"#000000","drawAs":"StraightLine","type":["Interaction","Edge"],"kaavioType":"Edge","gpmlElementName":"Interaction","markerEnd":"Arrow","isAttachedTo":["ca8","f74"]},"bfd1a":{"id":"bfd1a","zIndex":12288,"borderWidth":1,"points":[{"x":718.8015247108307,"y":320.86666666666673,"isAttachedTo":"ca8","attachmentDisplay":{"position":[0.5,0],"offset":[0,0]},"orientation":[0,-1]},{"x":718.5515247108307,"y":100.0515247108307,"isAttachedTo":"b909c","attachmentDisplay":{"position":[0.5,1],"offset":[0,0]},"orientation":[0,-1]}],"color":"#000000","drawAs":"StraightLine","type":["Interaction","Edge"],"kaavioType":"Edge","gpmlElementName":"Interaction","markerEnd":"Arrow","isAttachedTo":["ca8","b909c"],"burrs":["aa74d"]},"aa74d":{"attachmentDisplay":{"position":[0.551761220659227,0],"offset":[0,0]},"drawAs":"none","id":"aa74d","isAttachedTo":"bfd1a","borderWidth":0,"height":0,"width":0,"zIndex":12288,"type":["Anchor","Burr"],"kaavioType":"Burr","gpmlElementName":"Anchor"},"adb08":{"id":"adb08","drawAs":"ElbowLine","zIndex":12288,"borderWidth":1,"points":[{"x":434.51971608832804,"y":339.86666666666673,"isAttachedTo":"f74","attachmentDisplay":{"position":[0.75,1],"offset":[0,0]},"orientation":[0,1]},{"y":359.86666666666673,"x":576.6606203995793},{"x":718.8015247108307,"y":339.86666666666673,"isAttachedTo":"ca8","attachmentDisplay":{"position":[0.5,1],"offset":[0,0]},"orientation":[0,-1]}],"color":"#000000","type":["Interaction","Edge"],"kaavioType":"Edge","gpmlElementName":"Interaction","markerEnd":"Arrow","isAttachedTo":["f74","ca8"],"burrs":["aa3c1"]},"aa3c1":{"attachmentDisplay":{"position":[0.5329693004128105,0],"offset":[0,0]},"drawAs":"none","id":"aa3c1","isAttachedTo":"adb08","borderWidth":0,"height":0,"width":0,"zIndex":12288,"type":["Anchor","Burr"],"kaavioType":"Burr","gpmlElementName":"Anchor"},"a2ef2":{"id":"a2ef2","zIndex":12288,"borderWidth":1,"points":[{"x":115.0515247108307,"y":213.9484752891693,"isAttachedTo":"dfde2","attachmentDisplay":{"position":[0.5,1],"offset":[0,0]},"orientation":[0,1]},{"x":114.66666666666676,"y":320.86666666666673,"isAttachedTo":"dfe","attachmentDisplay":{"position":[0.5,0],"offset":[0,0]},"orientation":[0,1]}],"color":"#000000","drawAs":"StraightLine","type":["Interaction","Edge"],"kaavioType":"Edge","gpmlElementName":"Interaction","markerEnd":"Arrow","isAttachedTo":["dfde2","dfe"],"burrs":["c354a"]},"c354a":{"attachmentDisplay":{"position":[0.4,0],"offset":[0,0]},"drawAs":"none","id":"c354a","isAttachedTo":"a2ef2","borderWidth":0,"height":0,"width":0,"zIndex":12288,"type":["Anchor","Burr"],"kaavioType":"Burr","gpmlElementName":"Anchor"},"d02d4":{"id":"d02d4","drawAs":"ElbowLine","zIndex":12288,"borderWidth":1,"points":[{"x":386.2697160883281,"y":330.36666666666673,"isAttachedTo":"f74","attachmentDisplay":{"position":[0,0.5],"offset":[0,0]},"orientation":[-1,0]},{"x":252.86514195583595,"y":441.58485804416404,"isAttachedTo":"cc9","attachmentDisplay":{"position":[0.5,0],"offset":[0,0]},"orientation":[0,1]}],"color":"#000000","type":["Interaction","Edge"],"kaavioType":"Edge","gpmlElementName":"Interaction","markerEnd":"Arrow","isAttachedTo":["f74","cc9"],"burrs":["d7914","a5b14"]},"d7914":{"attachmentDisplay":{"position":[0.7962785218969036,0],"offset":[0,0]},"drawAs":"none","id":"d7914","isAttachedTo":"d02d4","borderWidth":0,"height":0,"width":0,"zIndex":12288,"type":["Anchor","Burr"],"kaavioType":"Burr","gpmlElementName":"Anchor"},"a5b14":{"attachmentDisplay":{"position":[0.5453481561880406,0],"offset":[0,0]},"drawAs":"none","id":"a5b14","isAttachedTo":"d02d4","borderWidth":0,"height":0,"width":0,"zIndex":12288,"type":["Anchor","Burr"],"kaavioType":"Burr","gpmlElementName":"Anchor"},"c1f99":{"id":"c1f99","drawAs":"ElbowLine","zIndex":12288,"borderWidth":1,"points":[{"x":252.86514195583595,"y":460.58485804416404,"isAttachedTo":"cc9","attachmentDisplay":{"position":[0.5,1],"offset":[0,0]},"orientation":[0,1]},{"x":385.4484752891693,"y":582.3666666666667,"isAttachedTo":"d2e","attachmentDisplay":{"position":[0,0.5],"offset":[0,0]},"orientation":[1,0]}],"color":"#000000","type":["Interaction","Edge"],"kaavioType":"Edge","gpmlElementName":"Interaction","isAttachedTo":["cc9","d2e"],"burrs":["f846e","e9a18"]},"f846e":{"attachmentDisplay":{"position":[0.21865749855456393,0],"offset":[0,0]},"drawAs":"none","id":"f846e","isAttachedTo":"c1f99","borderWidth":0,"height":0,"width":0,"zIndex":12288,"type":["Anchor","Burr"],"kaavioType":"Burr","gpmlElementName":"Anchor"},"e9a18":{"attachmentDisplay":{"position":[0.47876767895990613,0],"offset":[0,0]},"drawAs":"none","id":"e9a18","isAttachedTo":"c1f99","borderWidth":0,"height":0,"width":0,"zIndex":12288,"type":["Anchor","Burr"],"kaavioType":"Burr","gpmlElementName":"Anchor"},"c7056":{"id":"c7056","zIndex":12288,"borderWidth":1,"points":[{"x":417.61514195583595,"y":572.8666666666667,"isAttachedTo":"d2e","attachmentDisplay":{"position":[0.5,0],"offset":[0,0]},"orientation":[0,-1]},{"x":418.4363827549947,"y":339.86666666666673,"isAttachedTo":"f74","attachmentDisplay":{"position":[0.5,1],"offset":[0,0]},"orientation":[0,-1]}],"color":"#000000","drawAs":"StraightLine","type":["Interaction","Edge"],"kaavioType":"Edge","gpmlElementName":"Interaction","markerEnd":"Arrow","isAttachedTo":["d2e","f74"]},"d82f8":{"id":"d82f8","zIndex":12288,"borderWidth":1,"points":[{"x":371.18717139852833,"y":128.46971608832806,"isAttachedTo":"e2a","attachmentDisplay":{"position":[1,0.5],"offset":[0,0]},"orientation":[1,0]},{"x":417.5,"y":129.2,"isAttachedTo":"c7814","attachmentDisplay":{"position":[0.4,0],"offset":[],"relativeOffset":[0,0]},"orientation":[]}],"color":"#000000","drawAs":"StraightLine","type":["Interaction","Edge"],"kaavioType":"Edge","gpmlElementName":"Interaction","markerEnd":"MimCatalysis","isAttachedTo":["e2a","a2634"]},"b558b":{"id":"b558b","zIndex":12288,"borderWidth":1,"points":[{"x":686.9484752891697,"y":200.46971608832808,"isAttachedTo":"a69","attachmentDisplay":{"position":[1,0.5],"offset":[0,0]},"orientation":[1,0]},{"x":718.6635844056659,"y":199.02943440107418,"isAttachedTo":"aa74d","attachmentDisplay":{"position":[0.551761220659227,0],"offset":[],"relativeOffset":[0,0]},"orientation":[]}],"color":"#000000","drawAs":"StraightLine","type":["Interaction","Edge"],"kaavioType":"Edge","gpmlElementName":"Interaction","markerEnd":"MimCatalysis","isAttachedTo":["a69","bfd1a"]},"cd893":{"id":"cd893","zIndex":12288,"borderWidth":1,"points":[{"x":586.4395373291269,"y":413.4518401682442,"isAttachedTo":"ea5","attachmentDisplay":{"position":[0.5,0],"offset":[0,0]},"orientation":[0,-1]},{"x":587.3519647664642,"y":359.86666666666673,"isAttachedTo":"aa3c1","attachmentDisplay":{"position":[0.5329693004128105,0],"offset":[],"relativeOffset":[0,0]},"orientation":[]}],"color":"#000000","drawAs":"StraightLine","type":["Interaction","Edge"],"kaavioType":"Edge","gpmlElementName":"Interaction","markerEnd":"MimCatalysis","isAttachedTo":["ea5","adb08"]},"bea09":{"id":"bea09","zIndex":12288,"borderWidth":1,"points":[{"x":145.33648790746582,"y":256.7,"isAttachedTo":"d74e5","attachmentDisplay":{"position":[0,0.5],"offset":[0,0]},"orientation":[-1,0]},{"x":114.89758149316512,"y":256.71575184016825,"isAttachedTo":"c354a","attachmentDisplay":{"position":[0.4,0],"offset":[],"relativeOffset":[0,0]},"orientation":[]}],"color":"#000000","drawAs":"StraightLine","type":["Interaction","Edge"],"kaavioType":"Edge","gpmlElementName":"Interaction","markerEnd":"MimCatalysis","isAttachedTo":["d74e5","a2ef2"]},"c8f4e":{"id":"c8f4e","zIndex":12288,"borderWidth":1,"points":[{"x":277.43638275499467,"y":392.315141955836,"isAttachedTo":"f01","attachmentDisplay":{"position":[0,0.5],"offset":[0,0]},"orientation":[-1,0]},{"x":252.86514195583595,"y":391.74994667680187,"isAttachedTo":"d7914","attachmentDisplay":{"position":[0.7962785218969036,0],"offset":[],"relativeOffset":[0,0]},"orientation":[]}],"color":"#000000","drawAs":"StraightLine","type":["Interaction","Edge"],"kaavioType":"Edge","gpmlElementName":"Interaction","markerEnd":"MimCatalysis","isAttachedTo":["f01","d02d4"]},"a9da6":{"id":"a9da6","zIndex":12288,"borderWidth":1,"points":[{"x":287.0546792849631,"y":517.136382754995,"isAttachedTo":"afe","attachmentDisplay":{"position":[0,0.5],"offset":[0,0]},"orientation":[-1,0]},{"x":252.86514195583595,"y":516.2037037037037,"isAttachedTo":"f846e","attachmentDisplay":{"position":[0.21865749855456393,0],"offset":[],"relativeOffset":[0,0]},"orientation":[]}],"color":"#000000","drawAs":"StraightLine","type":["Interaction","Edge"],"kaavioType":"Edge","gpmlElementName":"Interaction","markerEnd":"MimCatalysis","isAttachedTo":["afe","c1f99"]},"id2603411f":{"id":"id2603411f","zIndex":12288,"borderWidth":1,"points":[{"x":159.33333333333343,"y":330.36666666666673,"isAttachedTo":"dfe","attachmentDisplay":{"position":[1,0.5],"offset":[0,0]},"orientation":[1,0]},{"x":252.86514195583595,"y":330.36666666666673,"isAttachedTo":"a5b14","attachmentDisplay":{"position":[0.5453481561880406,0],"offset":[],"relativeOffset":[0,0]},"orientation":[]}],"color":"#000000","drawAs":"StraightLine","type":["Interaction","Edge"],"kaavioType":"Edge","gpmlElementName":"Interaction","isAttachedTo":["dfe","d02d4"]},"idacc3128f":{"id":"idacc3128f","zIndex":12288,"borderWidth":1,"points":[{"x":145.88485804416405,"y":582.3666666666666,"isAttachedTo":"e42","attachmentDisplay":{"position":[1,0.5],"offset":[0,0]},"orientation":[1,0]},{"x":252.86514195583595,"y":582.3666666666667,"isAttachedTo":"e9a18","attachmentDisplay":{"position":[0.47876767895990613,0],"offset":[],"relativeOffset":[0,0]},"orientation":[]}],"color":"#000000","drawAs":"StraightLine","type":["Interaction","Edge"],"kaavioType":"Edge","gpmlElementName":"Interaction","isAttachedTo":["e42","c1f99"]},"d74e5":{"id":"d74e5","textAlign":"center","color":"#808080","verticalAlign":"middle","fontSize":1,"fontWeight":"bold","borderWidth":1,"fillOpacity":0.1,"padding":8,"drawAs":"rect","strokeDasharray":"5,3","backgroundColor":"#b4b464","type":["Group","GroupNone"],"contains":["ba5","a93"],"kaavioType":"Group","gpmlElementName":"Group","zIndex":32768,"x":144.33648790746582,"y":227.7,"width":78,"height":58}}}
